<!doctype html public "-//w3c//dtd html 4.0 transitional//en">
<html><head>
<title>Static Call Graph - [..\OBJ\LED.axf]</title></head>
<body><HR>
<H1>Static Call Graph for image ..\OBJ\LED.axf</H1><HR>
<BR><P>#&#060CALLGRAPH&#062# ARM Linker, 5060422: Last Updated: Thu Mar 03 20:26:23 2022
<BR><P>
<H3>Maximum Stack Usage =        600 bytes + Unknown(Functions without stacksize, Cycles, Untraceable Function Pointers)</H3><H3>
Call chain for Maximum Stack Depth:</H3>
displaytask &rArr; MainTask &rArr; Create_SIF_Font &rArr; FONT_SIF_GetData &rArr; f_open &rArr; dir_register &rArr; dir_find &rArr; dir_next &rArr; create_chain &rArr; put_fat &rArr; move_window &rArr; sync_window &rArr; disk_write &rArr; SD_WriteDisk &rArr; SD_WriteMultiBlocks &rArr; SD_Init &rArr; SD_EnableWideBusOperation &rArr; SDEnWideBus &rArr; FindSCR &rArr; SDIO_SendCommand
<P>
<H3>
Functions with no stack information
</H3><UL>
 <LI><a href="#[77]">FRAMEWIN_Callback</a>
 <LI><a href="#[ae]">FRAMEWIN_CreateIndirect</a>
 <LI><a href="#[136]">FRAMEWIN_CreateUser</a>
 <LI><a href="#[7]">FRAMEWIN_DrawSkinFlex</a>
 <LI><a href="#[13d]">FRAMEWIN_GetActive</a>
 <LI><a href="#[12f]">FRAMEWIN_SetActive</a>
 <LI><a href="#[149]">FRAMEWIN_SetFont</a>
 <LI><a href="#[13b]">FRAMEWIN_SetText</a>
 <LI><a href="#[126]">FRAMEWIN__CalcPositions</a>
 <LI><a href="#[14a]">FRAMEWIN__CalcTitleHeight</a>
 <LI><a href="#[6]">FRAMEWIN__GetBorderSize</a>
 <LI><a href="#[152]">FRAMEWIN__GetTitleLimits</a>
 <LI><a href="#[14c]">FRAMEWIN__UpdateButtons</a>
 <LI><a href="#[14b]">FRAMEWIN__UpdatePositions</a>
 <LI><a href="#[15e]">GL_DrawBitmap</a>
 <LI><a href="#[161]">GL_DrawLine</a>
 <LI><a href="#[163]">GL_DrawLine1Ex</a>
 <LI><a href="#[162]">GL_DrawLineEx</a>
 <LI><a href="#[164]">GL_DrawPoint</a>
 <LI><a href="#[169]">GL_FillCircle</a>
 <LI><a href="#[168]">GL_FillPolygon</a>
 <LI><a href="#[16b]">GL_SetDefault</a>
 <LI><a href="#[170]">GRAPH_AttachData</a>
 <LI><a href="#[172]">GRAPH_AttachScale</a>
 <LI><a href="#[79]">GRAPH_Callback</a>
 <LI><a href="#[af]">GRAPH_CreateIndirect</a>
 <LI><a href="#[185]">GRAPH_CreateUser</a>
 <LI><a href="#[187]">GRAPH_DATA_YT_AddValue</a>
 <LI><a href="#[189]">GRAPH_DATA_YT_Create</a>
 <LI><a href="#[18b]">GRAPH_SCALE_Create</a>
 <LI><a href="#[18c]">GRAPH_SCALE_SetFactor</a>
 <LI><a href="#[18d]">GRAPH_SetBorder</a>
 <LI><a href="#[18e]">GRAPH_SetColor</a>
 <LI><a href="#[18f]">GRAPH_SetGridDistX</a>
 <LI><a href="#[190]">GRAPH_SetGridDistY</a>
 <LI><a href="#[191]">GRAPH_SetGridVis</a>
 <LI><a href="#[192]">GRAPH_SetLineStyleH</a>
 <LI><a href="#[193]">GRAPH_SetLineStyleV</a>
 <LI><a href="#[188]">GRAPH__AddValue</a>
 <LI><a href="#[195]">GRAPH__InvalidateGraph</a>
 <LI><a href="#[d1]">GUIMONO_DispChar</a>
 <LI><a href="#[d2]">GUIMONO_GetCharDistX</a>
 <LI><a href="#[d3]">GUIMONO_GetFontInfo</a>
 <LI><a href="#[d4]">GUIMONO_IsInFont</a>
 <LI><a href="#[cd]">GUIPROP_DispChar</a>
 <LI><a href="#[9]">GUIPROP_EXT__ClearLine</a>
 <LI><a href="#[e3]">GUIPROP_EXT__DispLine</a>
 <LI><a href="#[19d]">GUIPROP_EXT__FindChar</a>
 <LI><a href="#[2eb]">GUIPROP_EXT__SetfpClearLine</a>
 <LI><a href="#[ce]">GUIPROP_GetCharDistX</a>
 <LI><a href="#[cf]">GUIPROP_GetFontInfo</a>
 <LI><a href="#[d0]">GUIPROP_IsInFont</a>
 <LI><a href="#[199]">GUIPROP__FindChar</a>
 <LI><a href="#[19f]">GUITASK_CopyContext</a>
 <LI><a href="#[1a1]">GUITASK_Init</a>
 <LI><a href="#[1a5]">GUI_AA__DrawCharAA4</a>
 <LI><a href="#[1a8]">GUI_ALLOC_AllocInit</a>
 <LI><a href="#[1a9]">GUI_ALLOC_AllocNoInit</a>
 <LI><a href="#[18a]">GUI_ALLOC_AllocZero</a>
 <LI><a href="#[333]">GUI_ALLOC_AssignMemory</a>
 <LI><a href="#[180]">GUI_ALLOC_Free</a>
 <LI><a href="#[1c4]">GUI_ALLOC_FreeFixedBlock</a>
 <LI><a href="#[133]">GUI_ALLOC_FreePtr</a>
 <LI><a href="#[1a3]">GUI_ALLOC_GetFixedBlock</a>
 <LI><a href="#[1b0]">GUI_ALLOC_GetMaxSize</a>
 <LI><a href="#[1b3]">GUI_ALLOC_GetSize</a>
 <LI><a href="#[1c9]">GUI_ALLOC_Lock</a>
 <LI><a href="#[124]">GUI_ALLOC_LockH</a>
 <LI><a href="#[1b2]">GUI_ALLOC_Realloc</a>
 <LI><a href="#[1b4]">GUI_ALLOC_RequestSize</a>
 <LI><a href="#[334]">GUI_ALLOC_SetAvBlockSize</a>
 <LI><a href="#[1cb]">GUI_ALLOC_Unlock</a>
 <LI><a href="#[125]">GUI_ALLOC_UnlockH</a>
 <LI><a href="#[1b1]">GUI_ALLOC_h2p</a>
 <LI><a href="#[171]">GUI_ARRAY_AddItem</a>
 <LI><a href="#[186]">GUI_ARRAY_Create</a>
 <LI><a href="#[181]">GUI_ARRAY_Delete</a>
 <LI><a href="#[17e]">GUI_ARRAY_GetNumItems</a>
 <LI><a href="#[17f]">GUI_ARRAY_GethItem</a>
 <LI><a href="#[1b5]">GUI_ARRAY__GethItem</a>
 <LI><a href="#[1cd]">GUI_AddDecShift</a>
 <LI><a href="#[1d2]">GUI_AddSign</a>
 <LI><a href="#[2e6]">GUI_CalcColorDist</a>
 <LI><a href="#[15c]">GUI_Clear</a>
 <LI><a href="#[17d]">GUI_ClearRect</a>
 <LI><a href="#[1b9]">GUI_CreateDialogBox</a>
 <LI><a href="#[228]">GUI_DCACHE_Clear</a>
 <LI><a href="#[1c0]">GUI_DEVICE_Create</a>
 <LI><a href="#[1c1]">GUI_DEVICE_CreateAndLink</a>
 <LI><a href="#[1c3]">GUI_DEVICE_Delete</a>
 <LI><a href="#[1c2]">GUI_DEVICE_Link</a>
 <LI><a href="#[1c5]">GUI_DEVICE_LinkDevices</a>
 <LI><a href="#[26c]">GUI_DEVICE_Unlink</a>
 <LI><a href="#[1fc]">GUI_DEVICE_UnlinkTaskDevices</a>
 <LI><a href="#[204]">GUI_DEVICE__GetpDriver</a>
 <LI><a href="#[1c6]">GUI_Delay</a>
 <LI><a href="#[1cc]">GUI_DispDecShift</a>
 <LI><a href="#[1cf]">GUI_DispFloatMin</a>
 <LI><a href="#[1d1]">GUI_DispSDecShift</a>
 <LI><a href="#[1ce]">GUI_DispString</a>
 <LI><a href="#[146]">GUI_DispStringInRect</a>
 <LI><a href="#[1d9]">GUI_DispStringInRectMax</a>
 <LI><a href="#[1dc]">GUI_DispStringInRectWrap</a>
 <LI><a href="#[8d]">GUI_DrawGradientH</a>
 <LI><a href="#[8e]">GUI_DrawGradientV</a>
 <LI><a href="#[1e1]">GUI_DrawGraphEx</a>
 <LI><a href="#[140]">GUI_DrawHLine</a>
 <LI><a href="#[179]">GUI_DrawLine</a>
 <LI><a href="#[141]">GUI_DrawPixel</a>
 <LI><a href="#[1e2]">GUI_DrawRect</a>
 <LI><a href="#[143]">GUI_DrawVLine</a>
 <LI><a href="#[1c8]">GUI_Exec</a>
 <LI><a href="#[1e3]">GUI_Exec1</a>
 <LI><a href="#[142]">GUI_FillRect</a>
 <LI><a href="#[147]">GUI_FillRectEx</a>
 <LI><a href="#[220]">GUI_GetBitsPerPixelEx</a>
 <LI><a href="#[19b]">GUI_GetBkColor</a>
 <LI><a href="#[1e6]">GUI_GetCharDistX</a>
 <LI><a href="#[1e7]">GUI_GetCharDistXEx</a>
 <LI><a href="#[1e8]">GUI_GetClientRect</a>
 <LI><a href="#[19a]">GUI_GetColor</a>
 <LI><a href="#[1d3]">GUI_GetFontDistY</a>
 <LI><a href="#[1ea]">GUI_GetFontSizeY</a>
 <LI><a href="#[178]">GUI_GetLineStyle</a>
 <LI><a href="#[1ec]">GUI_GetOrg</a>
 <LI><a href="#[1ed]">GUI_GetTime</a>
 <LI><a href="#[24b]">GUI_GetVersionString</a>
 <LI><a href="#[1d4]">GUI_GetYAdjust</a>
 <LI><a href="#[153]">GUI_GetYSizeOfFont</a>
 <LI><a href="#[222]">GUI_GetpfColor2IndexEx</a>
 <LI><a href="#[221]">GUI_GetpfIndex2ColorEx</a>
 <LI><a href="#[1b6]">GUI_GotoXY</a>
 <LI><a href="#[1ee]">GUI_Init</a>
 <LI><a href="#[137]">GUI_Lock</a>
 <LI><a href="#[28e]">GUI_Long2Len</a>
 <LI><a href="#[1fd]">GUI_MEMDEV_Clear</a>
 <LI><a href="#[1fe]">GUI_MEMDEV_CopyToLCD</a>
 <LI><a href="#[1ff]">GUI_MEMDEV_CopyToLCDAt</a>
 <LI><a href="#[203]">GUI_MEMDEV_CreateEx</a>
 <LI><a href="#[206]">GUI_MEMDEV_Delete</a>
 <LI><a href="#[209]">GUI_MEMDEV_Draw</a>
 <LI><a href="#[212]">GUI_MEMDEV_GetBitsPerPixel</a>
 <LI><a href="#[214]">GUI_MEMDEV_GetDataPtr</a>
 <LI><a href="#[20e]">GUI_MEMDEV_GetYSize</a>
 <LI><a href="#[9a]">GUI_MEMDEV_Paint1Static</a>
 <LI><a href="#[210]">GUI_MEMDEV_ReduceYSize</a>
 <LI><a href="#[202]">GUI_MEMDEV_Select</a>
 <LI><a href="#[211]">GUI_MEMDEV_SetOrg</a>
 <LI><a href="#[216]">GUI_MEMDEV_Write</a>
 <LI><a href="#[21a]">GUI_MEMDEV_WriteAt</a>
 <LI><a href="#[205]">GUI_MEMDEV__CreateFixed</a>
 <LI><a href="#[98]">GUI_MEMDEV__WriteToActiveAlpha</a>
 <LI><a href="#[21b]">GUI_MEMDEV__WriteToActiveAt</a>
 <LI><a href="#[97]">GUI_MEMDEV__WriteToActiveOpaque</a>
 <LI><a href="#[226]">GUI_MULTIBUF_BeginEx</a>
 <LI><a href="#[227]">GUI_MULTIBUF_EndEx</a>
 <LI><a href="#[2c3]">GUI_MergeRect</a>
 <LI><a href="#[2b2]">GUI_MoveRect</a>
 <LI><a href="#[229]">GUI_PollKeyMsg</a>
 <LI><a href="#[22b]">GUI_ReadRectEx</a>
 <LI><a href="#[2c7]">GUI_RectsIntersect</a>
 <LI><a href="#[22d]">GUI_RestoreContext</a>
 <LI><a href="#[22e]">GUI_SIF_CreateFont</a>
 <LI><a href="#[96]">GUI_SIF__ClearLine_ExtFrm</a>
 <LI><a href="#[be]">GUI_SIF__GetCharDistX_ExtFrm</a>
 <LI><a href="#[c1]">GUI_SIF__GetCharInfo_ExtFrm</a>
 <LI><a href="#[bf]">GUI_SIF__GetFontInfo_ExtFrm</a>
 <LI><a href="#[232]">GUI_SIF__GetNumCharAreas</a>
 <LI><a href="#[231]">GUI_SIF__GetpCharInfo</a>
 <LI><a href="#[c0]">GUI_SIF__IsInFont_ExtFrm</a>
 <LI><a href="#[233]">GUI_SaveContext_W</a>
 <LI><a href="#[207]">GUI_SelectLCD</a>
 <LI><a href="#[200]">GUI_SelectLayer</a>
 <LI><a href="#[16c]">GUI_SetBkColor</a>
 <LI><a href="#[13f]">GUI_SetColor</a>
 <LI><a href="#[335]">GUI_SetDefaultFont</a>
 <LI><a href="#[15f]">GUI_SetDrawMode</a>
 <LI><a href="#[145]">GUI_SetFont</a>
 <LI><a href="#[16f]">GUI_SetLineStyle</a>
 <LI><a href="#[1f8]">GUI_SetOrg</a>
 <LI><a href="#[16d]">GUI_SetPenSize</a>
 <LI><a href="#[16e]">GUI_SetTextAlign</a>
 <LI><a href="#[144]">GUI_SetTextMode</a>
 <LI><a href="#[237]">GUI_SignalEvent</a>
 <LI><a href="#[236]">GUI_StoreKey</a>
 <LI><a href="#[238]">GUI_TIMER_Create</a>
 <LI><a href="#[23a]">GUI_TIMER_Delete</a>
 <LI><a href="#[81]">GUI_TIMER_Exec</a>
 <LI><a href="#[23c]">GUI_TIMER_GetFlag</a>
 <LI><a href="#[23d]">GUI_TIMER_Restart</a>
 <LI><a href="#[23e]">GUI_TIMER_SetPeriod</a>
 <LI><a href="#[23f]">GUI_TIMER__GetFirstTimer</a>
 <LI><a href="#[240]">GUI_TIMER__GetNextTimerLin</a>
 <LI><a href="#[242]">GUI_TOUCH_CalcCoefficients</a>
 <LI><a href="#[241]">GUI_TOUCH_Calibrate</a>
 <LI><a href="#[357]">GUI_TOUCH_SetOrientation</a>
 <LI><a href="#[243]">GUI_UC_SetEncodeUTF8</a>
 <LI><a href="#[19c]">GUI_UC__GetCharCodeInc</a>
 <LI><a href="#[1d8]">GUI_UC__NumChars2NumBytes</a>
 <LI><a href="#[2ed]">GUI_USAGE_AddRect</a>
 <LI><a href="#[21c]">GUI_USAGE_BM_Create</a>
 <LI><a href="#[208]">GUI_USAGE_DecUseCnt</a>
 <LI><a href="#[13c]">GUI_Unlock</a>
 <LI><a href="#[1dd]">GUI_WrapGetNumLines</a>
 <LI><a href="#[245]">GUI__AllocAlphaBuffer</a>
 <LI><a href="#[247]">GUI__AlphaPreserveTrans</a>
 <LI><a href="#[2e7]">GUI__CompactPixelIndices</a>
 <LI><a href="#[249]">GUI__CompactPixelIndicesEx</a>
 <LI><a href="#[1ef]">GUI__Config</a>
 <LI><a href="#[24a]">GUI__ConvertColor2Index</a>
 <LI><a href="#[1d7]">GUI__DispLine</a>
 <LI><a href="#[1db]">GUI__DispStringInRect</a>
 <LI><a href="#[278]">GUI__DivideRound32</a>
 <LI><a href="#[250]">GUI__DoAlphaBlending</a>
 <LI><a href="#[13e]">GUI__DrawTwinArc2</a>
 <LI><a href="#[251]">GUI__ExpandPixelIndicesEx</a>
 <LI><a href="#[246]">GUI__GetAlphaBuffer</a>
 <LI><a href="#[1eb]">GUI__GetFontSizeY</a>
 <LI><a href="#[1d6]">GUI__GetLineDistX</a>
 <LI><a href="#[1d5]">GUI__GetLineNumChars</a>
 <LI><a href="#[19e]">GUI__GetOverlap</a>
 <LI><a href="#[24f]">GUI__HandleEOLine</a>
 <LI><a href="#[2bb]">GUI__IntersectRect</a>
 <LI><a href="#[1da]">GUI__IntersectRects</a>
 <LI><a href="#[254]">GUI__ManageCache</a>
 <LI><a href="#[255]">GUI__ManageCacheEx</a>
 <LI><a href="#[11]">GUI__MixColors</a>
 <LI><a href="#[12]">GUI__MixColorsBulk</a>
 <LI><a href="#[230]">GUI__Read16</a>
 <LI><a href="#[22f]">GUI__Read32</a>
 <LI><a href="#[17a]">GUI__ReduceRect</a>
 <LI><a href="#[1a2]">GUI__RegisterExit</a>
 <LI><a href="#[14e]">GUI__SetText</a>
 <LI><a href="#[1df]">GUI__WrapGetNumBytesToNextLine</a>
 <LI><a href="#[1de]">GUI__WrapGetNumCharsDisp</a>
 <LI><a href="#[259]">GUI__WrapGetNumCharsToNextLine</a>
 <LI><a href="#[2f0]">GUI__memset16</a>
 <LI><a href="#[2f1]">GUI__sqrt32</a>
 <LI><a href="#[25b]">GUI__strcmp</a>
 <LI><a href="#[256]">GUI__strcmp_hp</a>
 <LI><a href="#[257]">GUI__strlen</a>
 <LI><a href="#[166]">GUI_cos</a>
 <LI><a href="#[167]">GUI_sin</a>
 <LI><a href="#[15]">LCD_AA_MixColors16</a>
 <LI><a href="#[248]">LCD_AA_SetOrMask</a>
 <LI><a href="#[268]">LCD_Color2Index</a>
 <LI><a href="#[160]">LCD_DrawBitmap</a>
 <LI><a href="#[80]">LCD_DrawHLine</a>
 <LI><a href="#[c8]">LCD_DrawPixel</a>
 <LI><a href="#[7f]">LCD_DrawVLine</a>
 <LI><a href="#[198]">LCD_FillRect</a>
 <LI><a href="#[25c]">LCD_GetBitsPerPixelEx</a>
 <LI><a href="#[1e5]">LCD_GetBkColorIndex</a>
 <LI><a href="#[1e9]">LCD_GetColorIndex</a>
 <LI><a href="#[25e]">LCD_GetNumColors</a>
 <LI><a href="#[25f]">LCD_GetNumColorsEx</a>
 <LI><a href="#[260]">LCD_GetNumLayers</a>
 <LI><a href="#[261]">LCD_GetPalette</a>
 <LI><a href="#[262]">LCD_GetPaletteEx</a>
 <LI><a href="#[263]">LCD_GetPixelColor</a>
 <LI><a href="#[264]">LCD_GetPixelIndex</a>
 <LI><a href="#[20c]">LCD_GetVXSizeEx</a>
 <LI><a href="#[253]">LCD_GetVXSizeMax</a>
 <LI><a href="#[20d]">LCD_GetVYSizeEx</a>
 <LI><a href="#[266]">LCD_GetXSize</a>
 <LI><a href="#[1f3]">LCD_GetXSizeDisplay</a>
 <LI><a href="#[20a]">LCD_GetXSizeEx</a>
 <LI><a href="#[1f5]">LCD_GetXSizeMax</a>
 <LI><a href="#[267]">LCD_GetYSize</a>
 <LI><a href="#[1f4]">LCD_GetYSizeDisplay</a>
 <LI><a href="#[20b]">LCD_GetYSizeEx</a>
 <LI><a href="#[1f6]">LCD_GetYSizeMax</a>
 <LI><a href="#[5]">LCD_GetpPalConvTableBM</a>
 <LI><a href="#[1a7]">LCD_GetpPalConvTableUncached</a>
 <LI><a href="#[1a6]">LCD_Index2Color</a>
 <LI><a href="#[c4]">LCD_Index2Color_M565</a>
 <LI><a href="#[85]">LCD_Index2Color_M888</a>
 <LI><a href="#[84]">LCD_Index2Color_M8888I</a>
 <LI><a href="#[269]">LCD_InitColors</a>
 <LI><a href="#[26a]">LCD_InitLUT</a>
 <LI><a href="#[234]">LCD_SelectLCD</a>
 <LI><a href="#[15b]">LCD_SetBkColor</a>
 <LI><a href="#[272]">LCD_SetBkColorIndex</a>
 <LI><a href="#[26d]">LCD_SetClipRectEx</a>
 <LI><a href="#[219]">LCD_SetClipRectMax</a>
 <LI><a href="#[235]">LCD_SetColor</a>
 <LI><a href="#[271]">LCD_SetColorIndex</a>
 <LI><a href="#[1f7]">LCD_SetDisplaySize</a>
 <LI><a href="#[197]">LCD_SetDrawMode</a>
 <LI><a href="#[26b]">LCD_SetLUTEntryEx</a>
 <LI><a href="#[26e]">LCD_SetPixelAA4_Trans</a>
 <LI><a href="#[26f]">LCD_SetSizeEx</a>
 <LI><a href="#[270]">LCD_SetVSizeEx</a>
 <LI><a href="#[218]">LCD_UpdateColorIndices</a>
 <LI><a href="#[225]">LCD__DrawBitmap_1bpp</a>
 <LI><a href="#[273]">LCD__GetBPP</a>
 <LI><a href="#[213]">LCD__GetBPPDevice</a>
 <LI><a href="#[274]">SCROLLBAR_AddValue</a>
 <LI><a href="#[88]">SCROLLBAR_Callback</a>
 <LI><a href="#[280]">SCROLLBAR_CreateAttached</a>
 <LI><a href="#[281]">SCROLLBAR_CreateEx</a>
 <LI><a href="#[282]">SCROLLBAR_CreateUser</a>
 <LI><a href="#[27d]">SCROLLBAR_Dec</a>
 <LI><a href="#[f]">SCROLLBAR_DrawSkinFlex</a>
 <LI><a href="#[287]">SCROLLBAR_GetValue</a>
 <LI><a href="#[27c]">SCROLLBAR_Inc</a>
 <LI><a href="#[275]">SCROLLBAR_SetValue</a>
 <LI><a href="#[276]">SCROLLBAR__InvalidatePartner</a>
 <LI><a href="#[2e5]">SCROLLBAR__Rect2VRect</a>
 <LI><a href="#[8f]">TEXT_Callback</a>
 <LI><a href="#[b0]">TEXT_CreateIndirect</a>
 <LI><a href="#[28a]">TEXT_CreateUser</a>
 <LI><a href="#[28c]">TEXT_SetDec</a>
 <LI><a href="#[28f]">TEXT_SetFont</a>
 <LI><a href="#[28d]">TEXT_SetText</a>
 <LI><a href="#[290]">TEXT_SetTextAlign</a>
 <LI><a href="#[27b]">WIDGET_AndState</a>
 <LI><a href="#[134]">WIDGET_HandleActive</a>
 <LI><a href="#[12d]">WIDGET_OrState</a>
 <LI><a href="#[292]">WIDGET_SetState</a>
 <LI><a href="#[286]">WIDGET__DrawTriangle</a>
 <LI><a href="#[175]">WIDGET__EFFECT_DrawDownRect</a>
 <LI><a href="#[295]">WIDGET__GetClientRect</a>
 <LI><a href="#[293]">WIDGET__GetInsideRect</a>
 <LI><a href="#[139]">WIDGET__Init</a>
 <LI><a href="#[284]">WIDGET__RotateRect90</a>
 <LI><a href="#[297]">WIDGET__SetScrollState</a>
 <LI><a href="#[201]">WM_Activate</a>
 <LI><a href="#[29a]">WM_BringToBottom</a>
 <LI><a href="#[128]">WM_BringToTop</a>
 <LI><a href="#[2f3]">WM_CheckScrollBounds</a>
 <LI><a href="#[279]">WM_CreateTimer</a>
 <LI><a href="#[138]">WM_CreateWindowAsChild</a>
 <LI><a href="#[217]">WM_Deactivate</a>
 <LI><a href="#[135]">WM_DefaultProc</a>
 <LI><a href="#[2a4]">WM_DeleteTimer</a>
 <LI><a href="#[1bd]">WM_DeleteWindow</a>
 <LI><a href="#[13a]">WM_DisableMemdev</a>
 <LI><a href="#[1e4]">WM_Exec</a>
 <LI><a href="#[29f]">WM_ForEachDesc</a>
 <LI><a href="#[2b6]">WM_GetActiveWindow</a>
 <LI><a href="#[174]">WM_GetClientRect</a>
 <LI><a href="#[2ac]">WM_GetClientRectEx</a>
 <LI><a href="#[1bb]">WM_GetClientWindow</a>
 <LI><a href="#[1ba]">WM_GetDesktopWindow</a>
 <LI><a href="#[298]">WM_GetDialogItem</a>
 <LI><a href="#[154]">WM_GetFirstChild</a>
 <LI><a href="#[2b0]">WM_GetFlags</a>
 <LI><a href="#[1bf]">WM_GetFocusedWindow</a>
 <LI><a href="#[289]">WM_GetHasTrans</a>
 <LI><a href="#[2ae]">WM_GetId</a>
 <LI><a href="#[283]">WM_GetInsideRectEx</a>
 <LI><a href="#[177]">WM_GetInsideRectExScrollbar</a>
 <LI><a href="#[155]">WM_GetNextSibling</a>
 <LI><a href="#[17b]">WM_GetOrgX</a>
 <LI><a href="#[17c]">WM_GetOrgY</a>
 <LI><a href="#[15a]">WM_GetParent</a>
 <LI><a href="#[288]">WM_GetScrollPartner</a>
 <LI><a href="#[183]">WM_GetScrollbarH</a>
 <LI><a href="#[182]">WM_GetScrollbarV</a>
 <LI><a href="#[2b3]">WM_GetWindowOrgX</a>
 <LI><a href="#[2b4]">WM_GetWindowOrgY</a>
 <LI><a href="#[2b1]">WM_GetWindowRectEx</a>
 <LI><a href="#[2b5]">WM_GetWindowSizeX</a>
 <LI><a href="#[151]">WM_GetWindowSizeY</a>
 <LI><a href="#[2c6]">WM_HasCaptured</a>
 <LI><a href="#[12c]">WM_HasFocus</a>
 <LI><a href="#[2b7]">WM_HideWindow</a>
 <LI><a href="#[1f9]">WM_Init</a>
 <LI><a href="#[196]">WM_InvalidateRect</a>
 <LI><a href="#[14d]">WM_InvalidateWindow</a>
 <LI><a href="#[2be]">WM_InvalidateWindowAndDescs</a>
 <LI><a href="#[2bf]">WM_InvalidateWindowAndDescsEx</a>
 <LI><a href="#[2c1]">WM_IsFocusable</a>
 <LI><a href="#[12b]">WM_IsWindow</a>
 <LI><a href="#[3dd]">WM_MULTIBUF_Enable</a>
 <LI><a href="#[158]">WM_MoveChildTo</a>
 <LI><a href="#[157]">WM_MoveWindow</a>
 <LI><a href="#[27e]">WM_NotifyParent</a>
 <LI><a href="#[22a]">WM_OnKey</a>
 <LI><a href="#[156]">WM_ResizeWindow</a>
 <LI><a href="#[27f]">WM_RestartTimer</a>
 <LI><a href="#[2a0]">WM_SelectWindow</a>
 <LI><a href="#[2ad]">WM_SendMessage</a>
 <LI><a href="#[1be]">WM_SendMessageNoPara</a>
 <LI><a href="#[2a3]">WM_SendToParent</a>
 <LI><a href="#[27a]">WM_SetCapture</a>
 <LI><a href="#[129]">WM_SetCaptureMove</a>
 <LI><a href="#[41f]">WM_SetCreateFlags</a>
 <LI><a href="#[2c8]">WM_SetDefault</a>
 <LI><a href="#[127]">WM_SetFocus</a>
 <LI><a href="#[12e]">WM_SetFocusOnNextChild</a>
 <LI><a href="#[15d]">WM_SetFocusOnPrevChild</a>
 <LI><a href="#[148]">WM_SetHasTrans</a>
 <LI><a href="#[299]">WM_SetScrollState</a>
 <LI><a href="#[2cd]">WM_SetScrollbarH</a>
 <LI><a href="#[2cf]">WM_SetScrollbarV</a>
 <LI><a href="#[159]">WM_SetSize</a>
 <LI><a href="#[176]">WM_SetUserClipRect</a>
 <LI><a href="#[1bc]">WM_ShowWindow</a>
 <LI><a href="#[2cc]">WM_ValidateWindow</a>
 <LI><a href="#[2d1]">WM__ActivateClipRect</a>
 <LI><a href="#[2b8]">WM__AddCriticalHandle</a>
 <LI><a href="#[2ba]">WM__Client2Screen</a>
 <LI><a href="#[2bc]">WM__ClipAtParentBorders</a>
 <LI><a href="#[2a7]">WM__DeleteAssocTimer</a>
 <LI><a href="#[2d3]">WM__DeleteSecure</a>
 <LI><a href="#[2a8]">WM__DetachWindow</a>
 <LI><a href="#[2ab]">WM__ForEachDesc</a>
 <LI><a href="#[2a2]">WM__GetClientRectEx</a>
 <LI><a href="#[296]">WM__GetClientRectWin</a>
 <LI><a href="#[2d4]">WM__GetFirstSibling</a>
 <LI><a href="#[2c9]">WM__GetFocusedChild</a>
 <LI><a href="#[2d6]">WM__GetLastSibling</a>
 <LI><a href="#[1b8]">WM__GetNextIVR</a>
 <LI><a href="#[29b]">WM__GetPrevSibling</a>
 <LI><a href="#[2a6]">WM__GetTopLevelLayer</a>
 <LI><a href="#[14f]">WM__GetWindowSizeX</a>
 <LI><a href="#[150]">WM__GetWindowSizeY</a>
 <LI><a href="#[1b7]">WM__InitIVRSearch</a>
 <LI><a href="#[29e]">WM__InsertWindowIntoList</a>
 <LI><a href="#[2bd]">WM__Invalidate1Abs</a>
 <LI><a href="#[2b9]">WM__InvalidateDrawAndDescs</a>
 <LI><a href="#[2da]">WM__InvalidateParent</a>
 <LI><a href="#[2db]">WM__InvalidateRect</a>
 <LI><a href="#[29c]">WM__InvalidateRectEx</a>
 <LI><a href="#[132]">WM__IsAncestor</a>
 <LI><a href="#[130]">WM__IsAncestorOrSelf</a>
 <LI><a href="#[2d5]">WM__IsChild</a>
 <LI><a href="#[2a5]">WM__IsWindow</a>
 <LI><a href="#[2c2]">WM__MoveWindow</a>
 <LI><a href="#[2dd]">WM__Paint</a>
 <LI><a href="#[99]">WM__Paint1</a>
 <LI><a href="#[2f2]">WM__RectIsNZ</a>
 <LI><a href="#[29d]">WM__RemoveWindowFromList</a>
 <LI><a href="#[2e2]">WM__Screen2Client</a>
 <LI><a href="#[2c4]">WM__SelectTopLevelLayer</a>
 <LI><a href="#[12a]">WM__SendMessage</a>
 <LI><a href="#[20f]">WM__SendMessageNoPara</a>
 <LI><a href="#[2a1]">WM__SendMsgNoData</a>
 <LI><a href="#[2ce]">WM__SetScrollbarH</a>
 <LI><a href="#[2d0]">WM__SetScrollbarV</a>
 <LI><a href="#[291]">WM__UpdateChildPositions</a>
 <LI><a href="#[1f2]">emWin_LCD_Init</a>
 <LI><a href="#[c2]">_DispLine</a>
 <LI><a href="#[bd]">_DispChar</a>
 <LI><a href="#[c3]">_Color2Index_M565</a>
 <LI><a href="#[c5]">_GetIndexMask_M565</a>
 <LI><a href="#[c6]">_Color2IndexBulk</a>
 <LI><a href="#[c7]">_Index2ColorBulk</a>
 <LI><a href="#[1ac]">_PushFreeBlock</a>
 <LI><a href="#[1af]">_RemoveFreeBlock</a>
 <LI><a href="#[1ab]">_AddFreeMemory</a>
 <LI><a href="#[1ae]">_RemoveHoles</a>
 <LI><a href="#[2e4]">_EnlargeBlocks</a>
 <LI><a href="#[1aa]">_Alloc</a>
 <LI><a href="#[1ad]">_InitOnce</a>
 <LI><a href="#[1f1]">_InitContext</a>
 <LI><a href="#[83]">_OnExit</a>
 <LI><a href="#[c9]">_GetCharCode</a>
 <LI><a href="#[ca]">_GetCharSize</a>
 <LI><a href="#[cb]">_CalcSizeOfChar</a>
 <LI><a href="#[cc]">_Encode</a>
 <LI><a href="#[25d]">_GetDevProp</a>
 <LI><a href="#[265]">_GetMaxValue</a>
 <LI><a href="#[df]">_GetDevData</a>
 <LI><a href="#[dd]">_GetDevFunc</a>
 <LI><a href="#[dc]">_SetOrg</a>
 <LI><a href="#[e0]">_GetRect</a>
 <LI><a href="#[2ee]">_XY2PTR</a>
 <LI><a href="#[d9]">_GetPixelIndex</a>
 <LI><a href="#[db]">_XorPixel</a>
 <LI><a href="#[da]">_SetPixelIndex</a>
 <LI><a href="#[d7]">_DrawVLine</a>
 <LI><a href="#[d8]">_FillRect</a>
 <LI><a href="#[d6]">_DrawHLine</a>
 <LI><a href="#[d5]">_DrawBitmap</a>
 <LI><a href="#[de]">_GetDevProp</a>
 <LI><a href="#[93]">_OnExit</a>
 <LI><a href="#[2df]">_Paint1</a>
 <LI><a href="#[2d7]">_Findy1</a>
 <LI><a href="#[2d8]">_Findx0</a>
 <LI><a href="#[2d9]">_Findx1</a>
 <LI><a href="#[2e1]">_Paint1Trans</a>
 <LI><a href="#[2e0]">_PaintTransChildren</a>
 <LI><a href="#[2de]">WM__PaintWinAndOverlays</a>
 <LI><a href="#[94]">_cbPaintMemDev</a>
 <LI><a href="#[2d2]">_SetClipRectUserIntersect</a>
 <LI><a href="#[2c0]">_Invalidate1Abs</a>
 <LI><a href="#[2a9]">_Exec1Input</a>
 <LI><a href="#[2aa]">_Exec1Draw</a>
 <LI><a href="#[92]">_cbBackWin</a>
 <LI><a href="#[2af]">_GetDialogItem</a>
 <LI><a href="#[e2]">_MULTIBUF_End</a>
 <LI><a href="#[e1]">_MULTIBUF_Begin</a>
 <LI><a href="#[131]">_SetActive</a>
 <LI><a href="#[78]">FRAMEWIN__cbClient</a>
 <LI><a href="#[173]">_ManageScrollbars</a>
 <LI><a href="#[184]">_OnScrollValueChanged</a>
 <LI><a href="#[7c]">_OnDelete</a>
 <LI><a href="#[7b]">_OnPaint</a>
 <LI><a href="#[7a]">_InvalidateNewItem</a>
 <LI><a href="#[7d]">_OnPaint</a>
 <LI><a href="#[8]">_DrawCharAA4_Trans</a>
 <LI><a href="#[165]">_SetLineColor</a>
 <LI><a href="#[1a0]">_GetTaskNo</a>
 <LI><a href="#[7e]">_OnExit</a>
 <LI><a href="#[e4]">_GetCharCode</a>
 <LI><a href="#[e5]">_GetCharSize</a>
 <LI><a href="#[e6]">_CalcSizeOfChar</a>
 <LI><a href="#[e7]">_Encode</a>
 <LI><a href="#[2ea]">_GetDecs</a>
 <LI><a href="#[2e9]">_RoundHalfUp</a>
 <LI><a href="#[2e8]">_DispFloatFix</a>
 <LI><a href="#[1d0]">_DispFloatMin</a>
 <LI><a href="#[ea]">_SetDrawMode</a>
 <LI><a href="#[e8]">_SetColor</a>
 <LI><a href="#[e9]">_SetBkColor</a>
 <LI><a href="#[87]">_OnExit</a>
 <LI><a href="#[215]">_CreateStaticDevice</a>
 <LI><a href="#[223]">_Convert16</a>
 <LI><a href="#[224]">_Convert8</a>
 <LI><a href="#[90]">_cbInvalidateOne</a>
 <LI><a href="#[2dc]">_MoveDescendents</a>
 <LI><a href="#[2ca]">_GetNextChild</a>
 <LI><a href="#[2cb]">_GetPrevChild</a>
 <LI><a href="#[2e3]">_SetScrollbar</a>
 <LI><a href="#[91]">_cbTimer</a>
 <LI><a href="#[e]">_GetBorderSize</a>
 <LI><a href="#[d]">_Create</a>
 <LI><a href="#[c]">_Paint</a>
 <LI><a href="#[277]">_DeleteTimer</a>
 <LI><a href="#[294]">_EffectRequiresRedraw</a>
 <LI><a href="#[eb]">_Color2Index_M8888I</a>
 <LI><a href="#[ec]">_GetIndexMask_M8888I</a>
 <LI><a href="#[ed]">_Color2IndexBulk_M8888I</a>
 <LI><a href="#[ee]">_Index2ColorBulk_M8888I</a>
 <LI><a href="#[f1]">_GetIndexMask_0</a>
 <LI><a href="#[f0]">_Index2Color_0</a>
 <LI><a href="#[ef]">_Color2Index_0</a>
 <LI><a href="#[10]">_Log2VisBuffered</a>
 <LI><a href="#[24e]">_DispLine</a>
 <LI><a href="#[1e0]">_DrawGradient</a>
 <LI><a href="#[16a]">_Add</a>
 <LI><a href="#[82]">_OnExit</a>
 <LI><a href="#[239]">_Link</a>
 <LI><a href="#[23b]">_Unlink</a>
 <LI><a href="#[86]">_OnExit</a>
 <LI><a href="#[252]">_GetTwinArcPara</a>
 <LI><a href="#[13]">_GetWordWrap</a>
 <LI><a href="#[14]">_GetCharWrap</a>
 <LI><a href="#[25a]">_WrapGetNumCharsDisp</a>
 <LI><a href="#[fc]">_GetDevData</a>
 <LI><a href="#[fa]">_GetDevFunc</a>
 <LI><a href="#[fb]">_GetDevProp</a>
 <LI><a href="#[f9]">_SetOrg</a>
 <LI><a href="#[fd]">_GetRect</a>
 <LI><a href="#[2ef]">_XY2PTR</a>
 <LI><a href="#[f6]">_GetPixelIndex</a>
 <LI><a href="#[f8]">_XorPixel</a>
 <LI><a href="#[f7]">_SetPixelIndex</a>
 <LI><a href="#[f4]">_DrawVLine</a>
 <LI><a href="#[f5]">_FillRect</a>
 <LI><a href="#[f3]">_DrawHLine</a>
 <LI><a href="#[f2]">_DrawBitmap</a>
 <LI><a href="#[fe]">GUI_USAGE_BM_AddPixel</a>
 <LI><a href="#[102]">GUI_USAGE_BM_GetNextDirty</a>
 <LI><a href="#[101]">_GUI_USAGE_BM_Delete</a>
 <LI><a href="#[100]">GUI_USAGE_BM_Clear</a>
 <LI><a href="#[ff]">GUI_USAGE_BM_AddHLine</a>
 <LI><a href="#[2c5]">WM__ReleaseCapture</a>
 <LI><a href="#[17]">_Create</a>
 <LI><a href="#[95]">_CalcPositions</a>
 <LI><a href="#[16]">_Paint</a>
 <LI><a href="#[285]">_GetArrowPara</a>
 <LI><a href="#[8b]">_DrawGraspH</a>
 <LI><a href="#[89]">_DrawGraspV</a>
 <LI><a href="#[2ec]">_DrawFrame</a>
 <LI><a href="#[8c]">_DrawBackgroundH</a>
 <LI><a href="#[8a]">_DrawBackgroundV</a>
 <LI><a href="#[106]">_DrawDownRect</a>
 <LI><a href="#[104]">_DrawUpRect</a>
 <LI><a href="#[105]">_DrawDown</a>
 <LI><a href="#[103]">_DrawUp</a>
 <LI><a href="#[22c]">LCD_ReadRectEx</a>
 <LI><a href="#[21e]">_ClipX</a>
 <LI><a href="#[21f]">_ClipY</a>
 <LI><a href="#[21d]">_WriteToActiveAlpha</a>
</UL>
</UL>
<P>
<H3>
Mutually Recursive functions
</H3> <LI><a href="#[34]">ADC_IRQHandler</a>&nbsp;&nbsp;&nbsp;&rArr;&nbsp;&nbsp;&nbsp;<a href="#[34]">ADC_IRQHandler</a><BR>
 <LI><a href="#[12a]">WM__SendMessage</a>&nbsp;&nbsp;&nbsp;&rArr;&nbsp;&nbsp;&nbsp;<a href="#[135]">WM_DefaultProc</a><BR>
 <LI><a href="#[2db]">WM__InvalidateRect</a>&nbsp;&nbsp;&nbsp;&rArr;&nbsp;&nbsp;&nbsp;<a href="#[2db]">WM__InvalidateRect</a><BR>
 <LI><a href="#[2bf]">WM_InvalidateWindowAndDescsEx</a>&nbsp;&nbsp;&nbsp;&rArr;&nbsp;&nbsp;&nbsp;<a href="#[2bf]">WM_InvalidateWindowAndDescsEx</a><BR>
 <LI><a href="#[2b9]">WM__InvalidateDrawAndDescs</a>&nbsp;&nbsp;&nbsp;&rArr;&nbsp;&nbsp;&nbsp;<a href="#[2b9]">WM__InvalidateDrawAndDescs</a><BR>
 <LI><a href="#[2dc]">_MoveDescendents</a>&nbsp;&nbsp;&nbsp;&rArr;&nbsp;&nbsp;&nbsp;<a href="#[2dc]">_MoveDescendents</a><BR>
 <LI><a href="#[2ab]">WM__ForEachDesc</a>&nbsp;&nbsp;&nbsp;&rArr;&nbsp;&nbsp;&nbsp;<a href="#[2ab]">WM__ForEachDesc</a><BR>
 <LI><a href="#[156]">WM_ResizeWindow</a>&nbsp;&nbsp;&nbsp;&rArr;&nbsp;&nbsp;&nbsp;<a href="#[291]">WM__UpdateChildPositions</a><BR>
 <LI><a href="#[2e4]">_EnlargeBlocks</a>&nbsp;&nbsp;&nbsp;&rArr;&nbsp;&nbsp;&nbsp;<a href="#[1aa]">_Alloc</a><BR>
 <LI><a href="#[2d9]">_Findx1</a>&nbsp;&nbsp;&nbsp;&rArr;&nbsp;&nbsp;&nbsp;<a href="#[2d9]">_Findx1</a><BR>
 <LI><a href="#[2d8]">_Findx0</a>&nbsp;&nbsp;&nbsp;&rArr;&nbsp;&nbsp;&nbsp;<a href="#[2d8]">_Findx0</a><BR>
 <LI><a href="#[2d7]">_Findy1</a>&nbsp;&nbsp;&nbsp;&rArr;&nbsp;&nbsp;&nbsp;<a href="#[2d7]">_Findy1</a><BR>
 <LI><a href="#[2af]">_GetDialogItem</a>&nbsp;&nbsp;&nbsp;&rArr;&nbsp;&nbsp;&nbsp;<a href="#[2af]">_GetDialogItem</a><BR>
 <LI><a href="#[199]">GUIPROP__FindChar</a>&nbsp;&nbsp;&nbsp;&rArr;&nbsp;&nbsp;&nbsp;<a href="#[199]">GUIPROP__FindChar</a><BR>
 <LI><a href="#[19d]">GUIPROP_EXT__FindChar</a>&nbsp;&nbsp;&nbsp;&rArr;&nbsp;&nbsp;&nbsp;<a href="#[19d]">GUIPROP_EXT__FindChar</a><BR>
 <LI><a href="#[1c]">BusFault_Handler</a>&nbsp;&nbsp;&nbsp;&rArr;&nbsp;&nbsp;&nbsp;<a href="#[1c]">BusFault_Handler</a><BR>
 <LI><a href="#[1a]">HardFault_Handler</a>&nbsp;&nbsp;&nbsp;&rArr;&nbsp;&nbsp;&nbsp;<a href="#[1a]">HardFault_Handler</a><BR>
 <LI><a href="#[1b]">MemManage_Handler</a>&nbsp;&nbsp;&nbsp;&rArr;&nbsp;&nbsp;&nbsp;<a href="#[1b]">MemManage_Handler</a><BR>
 <LI><a href="#[1d]">UsageFault_Handler</a>&nbsp;&nbsp;&nbsp;&rArr;&nbsp;&nbsp;&nbsp;<a href="#[1d]">UsageFault_Handler</a><BR>
 <LI><a href="#[2e0]">_PaintTransChildren</a>&nbsp;&nbsp;&nbsp;&rArr;&nbsp;&nbsp;&nbsp;<a href="#[2e0]">_PaintTransChildren</a><BR>
 <LI><a href="#[1bd]">WM_DeleteWindow</a>&nbsp;&nbsp;&nbsp;&rArr;&nbsp;&nbsp;&nbsp;<a href="#[1bd]">WM_DeleteWindow</a><BR>
 <LI><a href="#[2be]">WM_InvalidateWindowAndDescs</a>&nbsp;&nbsp;&nbsp;&rArr;&nbsp;&nbsp;&nbsp;<a href="#[2be]">WM_InvalidateWindowAndDescs</a><BR>
 <LI><a href="#[34d]">LCD_Fill</a>&nbsp;&nbsp;&nbsp;&rArr;&nbsp;&nbsp;&nbsp;<a href="#[34d]">LCD_Fill</a><BR>
</UL>
<P>
<H3>
Function Pointers
</H3><UL>
 <LI><a href="#[34]">ADC_IRQHandler</a> from startup_stm32f40_41xxx.o(.text) referenced from startup_stm32f40_41xxx.o(RESET)
 <LI><a href="#[1c]">BusFault_Handler</a> from stm32f4xx_it.o(i.BusFault_Handler) referenced from startup_stm32f40_41xxx.o(RESET)
 <LI><a href="#[36]">CAN1_RX0_IRQHandler</a> from startup_stm32f40_41xxx.o(.text) referenced from startup_stm32f40_41xxx.o(RESET)
 <LI><a href="#[37]">CAN1_RX1_IRQHandler</a> from startup_stm32f40_41xxx.o(.text) referenced from startup_stm32f40_41xxx.o(RESET)
 <LI><a href="#[38]">CAN1_SCE_IRQHandler</a> from startup_stm32f40_41xxx.o(.text) referenced from startup_stm32f40_41xxx.o(RESET)
 <LI><a href="#[35]">CAN1_TX_IRQHandler</a> from startup_stm32f40_41xxx.o(.text) referenced from startup_stm32f40_41xxx.o(RESET)
 <LI><a href="#[62]">CAN2_RX0_IRQHandler</a> from startup_stm32f40_41xxx.o(.text) referenced from startup_stm32f40_41xxx.o(RESET)
 <LI><a href="#[63]">CAN2_RX1_IRQHandler</a> from startup_stm32f40_41xxx.o(.text) referenced from startup_stm32f40_41xxx.o(RESET)
 <LI><a href="#[64]">CAN2_SCE_IRQHandler</a> from startup_stm32f40_41xxx.o(.text) referenced from startup_stm32f40_41xxx.o(RESET)
 <LI><a href="#[61]">CAN2_TX_IRQHandler</a> from startup_stm32f40_41xxx.o(.text) referenced from startup_stm32f40_41xxx.o(RESET)
 <LI><a href="#[71]">CRYP_IRQHandler</a> from startup_stm32f40_41xxx.o(.text) referenced from startup_stm32f40_41xxx.o(RESET)
 <LI><a href="#[70]">DCMI_IRQHandler</a> from startup_stm32f40_41xxx.o(.text) referenced from startup_stm32f40_41xxx.o(RESET)
 <LI><a href="#[2d]">DMA1_Stream0_IRQHandler</a> from startup_stm32f40_41xxx.o(.text) referenced from startup_stm32f40_41xxx.o(RESET)
 <LI><a href="#[2e]">DMA1_Stream1_IRQHandler</a> from startup_stm32f40_41xxx.o(.text) referenced from startup_stm32f40_41xxx.o(RESET)
 <LI><a href="#[2f]">DMA1_Stream2_IRQHandler</a> from startup_stm32f40_41xxx.o(.text) referenced from startup_stm32f40_41xxx.o(RESET)
 <LI><a href="#[30]">DMA1_Stream3_IRQHandler</a> from startup_stm32f40_41xxx.o(.text) referenced from startup_stm32f40_41xxx.o(RESET)
 <LI><a href="#[31]">DMA1_Stream4_IRQHandler</a> from startup_stm32f40_41xxx.o(.text) referenced from startup_stm32f40_41xxx.o(RESET)
 <LI><a href="#[32]">DMA1_Stream5_IRQHandler</a> from startup_stm32f40_41xxx.o(.text) referenced from startup_stm32f40_41xxx.o(RESET)
 <LI><a href="#[33]">DMA1_Stream6_IRQHandler</a> from startup_stm32f40_41xxx.o(.text) referenced from startup_stm32f40_41xxx.o(RESET)
 <LI><a href="#[51]">DMA1_Stream7_IRQHandler</a> from startup_stm32f40_41xxx.o(.text) referenced from startup_stm32f40_41xxx.o(RESET)
 <LI><a href="#[5a]">DMA2_Stream0_IRQHandler</a> from startup_stm32f40_41xxx.o(.text) referenced from startup_stm32f40_41xxx.o(RESET)
 <LI><a href="#[5b]">DMA2_Stream1_IRQHandler</a> from startup_stm32f40_41xxx.o(.text) referenced from startup_stm32f40_41xxx.o(RESET)
 <LI><a href="#[5c]">DMA2_Stream2_IRQHandler</a> from startup_stm32f40_41xxx.o(.text) referenced from startup_stm32f40_41xxx.o(RESET)
 <LI><a href="#[5d]">DMA2_Stream3_IRQHandler</a> from startup_stm32f40_41xxx.o(.text) referenced from startup_stm32f40_41xxx.o(RESET)
 <LI><a href="#[5e]">DMA2_Stream4_IRQHandler</a> from startup_stm32f40_41xxx.o(.text) referenced from startup_stm32f40_41xxx.o(RESET)
 <LI><a href="#[66]">DMA2_Stream5_IRQHandler</a> from startup_stm32f40_41xxx.o(.text) referenced from startup_stm32f40_41xxx.o(RESET)
 <LI><a href="#[67]">DMA2_Stream6_IRQHandler</a> from startup_stm32f40_41xxx.o(.text) referenced from startup_stm32f40_41xxx.o(RESET)
 <LI><a href="#[68]">DMA2_Stream7_IRQHandler</a> from startup_stm32f40_41xxx.o(.text) referenced from startup_stm32f40_41xxx.o(RESET)
 <LI><a href="#[1f]">DebugMon_Handler</a> from stm32f4xx_it.o(i.DebugMon_Handler) referenced from startup_stm32f40_41xxx.o(RESET)
 <LI><a href="#[5f]">ETH_IRQHandler</a> from startup_stm32f40_41xxx.o(.text) referenced from startup_stm32f40_41xxx.o(RESET)
 <LI><a href="#[60]">ETH_WKUP_IRQHandler</a> from startup_stm32f40_41xxx.o(.text) referenced from startup_stm32f40_41xxx.o(RESET)
 <LI><a href="#[28]">EXTI0_IRQHandler</a> from startup_stm32f40_41xxx.o(.text) referenced from startup_stm32f40_41xxx.o(RESET)
 <LI><a href="#[4a]">EXTI15_10_IRQHandler</a> from startup_stm32f40_41xxx.o(.text) referenced from startup_stm32f40_41xxx.o(RESET)
 <LI><a href="#[29]">EXTI1_IRQHandler</a> from startup_stm32f40_41xxx.o(.text) referenced from startup_stm32f40_41xxx.o(RESET)
 <LI><a href="#[2a]">EXTI2_IRQHandler</a> from startup_stm32f40_41xxx.o(.text) referenced from startup_stm32f40_41xxx.o(RESET)
 <LI><a href="#[2b]">EXTI3_IRQHandler</a> from startup_stm32f40_41xxx.o(.text) referenced from startup_stm32f40_41xxx.o(RESET)
 <LI><a href="#[2c]">EXTI4_IRQHandler</a> from startup_stm32f40_41xxx.o(.text) referenced from startup_stm32f40_41xxx.o(RESET)
 <LI><a href="#[39]">EXTI9_5_IRQHandler</a> from startup_stm32f40_41xxx.o(.text) referenced from startup_stm32f40_41xxx.o(RESET)
 <LI><a href="#[26]">FLASH_IRQHandler</a> from startup_stm32f40_41xxx.o(.text) referenced from startup_stm32f40_41xxx.o(RESET)
 <LI><a href="#[73]">FPU_IRQHandler</a> from startup_stm32f40_41xxx.o(.text) referenced from startup_stm32f40_41xxx.o(RESET)
 <LI><a href="#[77]">FRAMEWIN_Callback</a> from FRAMEWIN.o(.text.FRAMEWIN_Callback) referenced from FRAMEWIN.o(.text.FRAMEWIN_CreateUser)
 <LI><a href="#[ae]">FRAMEWIN_CreateIndirect</a> from FRAMEWIN.o(.text.FRAMEWIN_CreateIndirect) referenced from display.o(.constdata)
 <LI><a href="#[7]">FRAMEWIN_DrawSkinFlex</a> from FRAMEWIN_SkinFlex.o(.text.FRAMEWIN_DrawSkinFlex) referenced 4 times from FRAMEWIN.o(.data)
 <LI><a href="#[6]">FRAMEWIN__GetBorderSize</a> from FRAMEWIN.o(.text.FRAMEWIN__GetBorderSize) referenced 2 times from FRAMEWIN.o(.data)
 <LI><a href="#[78]">FRAMEWIN__cbClient</a> from FRAMEWIN.o(.text.FRAMEWIN__cbClient) referenced from FRAMEWIN.o(.text.FRAMEWIN_CreateUser)
 <LI><a href="#[52]">FSMC_IRQHandler</a> from startup_stm32f40_41xxx.o(.text) referenced from startup_stm32f40_41xxx.o(RESET)
 <LI><a href="#[9e]">FT5206_Scan</a> from ft5206.o(i.FT5206_Scan) referenced from touch.o(i.TP_Init)
 <LI><a href="#[79]">GRAPH_Callback</a> from GRAPH.o(.text.GRAPH_Callback) referenced from GRAPH.o(.text.GRAPH_CreateUser)
 <LI><a href="#[af]">GRAPH_CreateIndirect</a> from GRAPH.o(.text.GRAPH_CreateIndirect) referenced from display.o(.constdata)
 <LI><a href="#[9d]">GT9147_Scan</a> from gt9147.o(i.GT9147_Scan) referenced from touch.o(i.TP_Init)
 <LI><a href="#[d1]">GUIMONO_DispChar</a> from GUI_CharM.o(.text.GUIMONO_DispChar) referenced 8 times from F6x8.o(.rodata)
 <LI><a href="#[d2]">GUIMONO_GetCharDistX</a> from GUI_CharM.o(.text.GUIMONO_GetCharDistX) referenced 8 times from F6x8.o(.rodata)
 <LI><a href="#[d3]">GUIMONO_GetFontInfo</a> from GUI_CharM.o(.text.GUIMONO_GetFontInfo) referenced 8 times from F6x8.o(.rodata)
 <LI><a href="#[d4]">GUIMONO_IsInFont</a> from GUI_CharM.o(.text.GUIMONO_IsInFont) referenced 8 times from F6x8.o(.rodata)
 <LI><a href="#[cd]">GUIPROP_DispChar</a> from GUI_CharP.o(.text.GUIPROP_DispChar) referenced 3 times from F16B_ASCII.o(.rodata)
 <LI><a href="#[9]">GUIPROP_EXT__ClearLine</a> from GUI_EncExt.o(.text.GUIPROP_EXT__ClearLine) referenced 2 times from GUI_EncExt.o(.data)
 <LI><a href="#[9]">GUIPROP_EXT__ClearLine</a> from GUI_EncExt.o(.text.GUIPROP_EXT__ClearLine) referenced from GUIAA_SIF4Ext.o(.text._DispLine)
 <LI><a href="#[e3]">GUIPROP_EXT__DispLine</a> from GUI_EncExt.o(.text.GUIPROP_EXT__DispLine) referenced from GUI_EncExt.o(.rodata)
 <LI><a href="#[ce]">GUIPROP_GetCharDistX</a> from GUI_CharP.o(.text.GUIPROP_GetCharDistX) referenced 3 times from F16B_ASCII.o(.rodata)
 <LI><a href="#[cf]">GUIPROP_GetFontInfo</a> from GUI_CharP.o(.text.GUIPROP_GetFontInfo) referenced 3 times from F16B_ASCII.o(.rodata)
 <LI><a href="#[d0]">GUIPROP_IsInFont</a> from GUI_CharP.o(.text.GUIPROP_IsInFont) referenced 3 times from F16B_ASCII.o(.rodata)
 <LI><a href="#[8d]">GUI_DrawGradientH</a> from GUI_DrawGradient.o(.text.GUI_DrawGradientH) referenced from SCROLLBAR_SkinFlex.o(.text.SCROLLBAR_DrawSkinFlex)
 <LI><a href="#[8e]">GUI_DrawGradientV</a> from GUI_DrawGradient.o(.text.GUI_DrawGradientV) referenced from SCROLLBAR_SkinFlex.o(.text.SCROLLBAR_DrawSkinFlex)
 <LI><a href="#[9a]">GUI_MEMDEV_Paint1Static</a> from GUIDEV_StaticDevices.o(.text.GUI_MEMDEV_Paint1Static) referenced from WM.o(.text._Paint1)
 <LI><a href="#[98]">GUI_MEMDEV__WriteToActiveAlpha</a> from GUIDEV_WriteToActiveAlpha.o(.text.GUI_MEMDEV__WriteToActiveAlpha) referenced from GUIDEV_32.o(.text._GetDevFunc)
 <LI><a href="#[97]">GUI_MEMDEV__WriteToActiveOpaque</a> from GUIDEV_WriteToActiveOpaque.o(.text.GUI_MEMDEV__WriteToActiveOpaque) referenced from GUIDEV_16.o(.text._GetDevFunc)
 <LI><a href="#[96]">GUI_SIF__ClearLine_ExtFrm</a> from GUI_SIF_PropExtFrmInfo.o(.text.GUI_SIF__ClearLine_ExtFrm) referenced from GUIAA_SIF4Ext.o(.text._DispLine)
 <LI><a href="#[be]">GUI_SIF__GetCharDistX_ExtFrm</a> from GUI_SIF_PropExtFrmInfo.o(.text.GUI_SIF__GetCharDistX_ExtFrm) referenced from GUIAA_SIF4Ext.o(.rodata)
 <LI><a href="#[c1]">GUI_SIF__GetCharInfo_ExtFrm</a> from GUI_SIF_PropExtFrmInfo.o(.text.GUI_SIF__GetCharInfo_ExtFrm) referenced from GUIAA_SIF4Ext.o(.rodata)
 <LI><a href="#[bf]">GUI_SIF__GetFontInfo_ExtFrm</a> from GUI_SIF_PropExtFrmInfo.o(.text.GUI_SIF__GetFontInfo_ExtFrm) referenced from GUIAA_SIF4Ext.o(.rodata)
 <LI><a href="#[c0]">GUI_SIF__IsInFont_ExtFrm</a> from GUI_SIF_PropExtFrmInfo.o(.text.GUI_SIF__IsInFont_ExtFrm) referenced from GUIAA_SIF4Ext.o(.rodata)
 <LI><a href="#[81]">GUI_TIMER_Exec</a> from GUI_Timer.o(.text.GUI_TIMER_Exec) referenced from GUI_Timer.o(.text.GUI_TIMER_Create)
 <LI><a href="#[ff]">GUI_USAGE_BM_AddHLine</a> from GUIDEV_UsageBM.o(.text.GUI_USAGE_BM_AddHLine) referenced from GUIDEV_UsageBM.o(.rodata)
 <LI><a href="#[fe]">GUI_USAGE_BM_AddPixel</a> from GUIDEV_UsageBM.o(.text.GUI_USAGE_BM_AddPixel) referenced from GUIDEV_UsageBM.o(.rodata)
 <LI><a href="#[100]">GUI_USAGE_BM_Clear</a> from GUIDEV_UsageBM.o(.text.GUI_USAGE_BM_Clear) referenced from GUIDEV_UsageBM.o(.rodata)
 <LI><a href="#[102]">GUI_USAGE_BM_GetNextDirty</a> from GUIDEV_UsageBM.o(.text.GUI_USAGE_BM_GetNextDirty) referenced from GUIDEV_UsageBM.o(.rodata)
 <LI><a href="#[11]">GUI__MixColors</a> from GUI__Alpha.o(.text.GUI__MixColors) referenced 2 times from GUI__Alpha.o(.data)
 <LI><a href="#[12]">GUI__MixColorsBulk</a> from GUI__Alpha.o(.text.GUI__MixColorsBulk) referenced 2 times from GUI__Alpha.o(.data)
 <LI><a href="#[72]">HASH_RNG_IRQHandler</a> from startup_stm32f40_41xxx.o(.text) referenced from startup_stm32f40_41xxx.o(RESET)
 <LI><a href="#[1a]">HardFault_Handler</a> from stm32f4xx_it.o(i.HardFault_Handler) referenced from startup_stm32f40_41xxx.o(RESET)
 <LI><a href="#[42]">I2C1_ER_IRQHandler</a> from startup_stm32f40_41xxx.o(.text) referenced from startup_stm32f40_41xxx.o(RESET)
 <LI><a href="#[41]">I2C1_EV_IRQHandler</a> from startup_stm32f40_41xxx.o(.text) referenced from startup_stm32f40_41xxx.o(RESET)
 <LI><a href="#[44]">I2C2_ER_IRQHandler</a> from startup_stm32f40_41xxx.o(.text) referenced from startup_stm32f40_41xxx.o(RESET)
 <LI><a href="#[43]">I2C2_EV_IRQHandler</a> from startup_stm32f40_41xxx.o(.text) referenced from startup_stm32f40_41xxx.o(RESET)
 <LI><a href="#[6b]">I2C3_ER_IRQHandler</a> from startup_stm32f40_41xxx.o(.text) referenced from startup_stm32f40_41xxx.o(RESET)
 <LI><a href="#[6a]">I2C3_EV_IRQHandler</a> from startup_stm32f40_41xxx.o(.text) referenced from startup_stm32f40_41xxx.o(RESET)
 <LI><a href="#[15]">LCD_AA_MixColors16</a> from LCD_AA.o(.text.LCD_AA_MixColors16) referenced 2 times from LCD_AA.o(.data)
 <LI><a href="#[80]">LCD_DrawHLine</a> from LCD.o(.text.LCD_DrawHLine) referenced from GUI_Core.o(.rodata)
 <LI><a href="#[80]">LCD_DrawHLine</a> from LCD.o(.text.LCD_DrawHLine) referenced from GUI_DrawGradient.o(.text.GUI_DrawGradientV)
 <LI><a href="#[c8]">LCD_DrawPixel</a> from LCD.o(.text.LCD_DrawPixel) referenced from GUI_Core.o(.rodata)
 <LI><a href="#[7f]">LCD_DrawVLine</a> from LCD.o(.text.LCD_DrawVLine) referenced from GUI_DrawGradient.o(.text.GUI_DrawGradientH)
 <LI><a href="#[5]">LCD_GetpPalConvTableBM</a> from LCD_Color.o(.text.LCD_GetpPalConvTableBM) referenced 2 times from GUI_Core.o(.data)
 <LI><a href="#[c4]">LCD_Index2Color_M565</a> from GUICC_M565.o(.text.LCD_Index2Color_M565) referenced from GUICC_M565.o(.rodata)
 <LI><a href="#[85]">LCD_Index2Color_M888</a> from GUICC_M888_Index2Color.o(.text.LCD_Index2Color_M888) referenced from GUI__Alpha.o(.text.GUI__DoAlphaBlending)
 <LI><a href="#[84]">LCD_Index2Color_M8888I</a> from GUICC_M8888I_Index2Color.o(.text.LCD_Index2Color_M8888I) referenced from GUICC_M8888I.o(.rodata)
 <LI><a href="#[84]">LCD_Index2Color_M8888I</a> from GUICC_M8888I_Index2Color.o(.text.LCD_Index2Color_M8888I) referenced from GUI__Alpha.o(.text.GUI__DoAlphaBlending)
 <LI><a href="#[84]">LCD_Index2Color_M8888I</a> from GUICC_M8888I_Index2Color.o(.text.LCD_Index2Color_M8888I) referenced from GUIDEV_WriteToActiveAlpha.o(.text._WriteToActiveAlpha)
 <LI><a href="#[1b]">MemManage_Handler</a> from stm32f4xx_it.o(i.MemManage_Handler) referenced from startup_stm32f40_41xxx.o(RESET)
 <LI><a href="#[19]">NMI_Handler</a> from stm32f4xx_it.o(i.NMI_Handler) referenced from startup_stm32f40_41xxx.o(RESET)
 <LI><a href="#[65]">OTG_FS_IRQHandler</a> from startup_stm32f40_41xxx.o(.text) referenced from startup_stm32f40_41xxx.o(RESET)
 <LI><a href="#[4c]">OTG_FS_WKUP_IRQHandler</a> from startup_stm32f40_41xxx.o(.text) referenced from startup_stm32f40_41xxx.o(RESET)
 <LI><a href="#[6d]">OTG_HS_EP1_IN_IRQHandler</a> from startup_stm32f40_41xxx.o(.text) referenced from startup_stm32f40_41xxx.o(RESET)
 <LI><a href="#[6c]">OTG_HS_EP1_OUT_IRQHandler</a> from startup_stm32f40_41xxx.o(.text) referenced from startup_stm32f40_41xxx.o(RESET)
 <LI><a href="#[6f]">OTG_HS_IRQHandler</a> from startup_stm32f40_41xxx.o(.text) referenced from startup_stm32f40_41xxx.o(RESET)
 <LI><a href="#[6e]">OTG_HS_WKUP_IRQHandler</a> from startup_stm32f40_41xxx.o(.text) referenced from startup_stm32f40_41xxx.o(RESET)
 <LI><a href="#[9c]">OTT2001A_Scan</a> from ott2001a.o(i.OTT2001A_Scan) referenced from touch.o(i.TP_Init)
 <LI><a href="#[23]">PVD_IRQHandler</a> from startup_stm32f40_41xxx.o(.text) referenced from startup_stm32f40_41xxx.o(RESET)
 <LI><a href="#[20]">PendSV_Handler</a> from port.o(.emb_text) referenced from startup_stm32f40_41xxx.o(RESET)
 <LI><a href="#[27]">RCC_IRQHandler</a> from startup_stm32f40_41xxx.o(.text) referenced from startup_stm32f40_41xxx.o(RESET)
 <LI><a href="#[4b]">RTC_Alarm_IRQHandler</a> from startup_stm32f40_41xxx.o(.text) referenced from startup_stm32f40_41xxx.o(RESET)
 <LI><a href="#[25]">RTC_WKUP_IRQHandler</a> from startup_stm32f40_41xxx.o(.text) referenced from startup_stm32f40_41xxx.o(RESET)
 <LI><a href="#[18]">Reset_Handler</a> from startup_stm32f40_41xxx.o(.text) referenced from startup_stm32f40_41xxx.o(RESET)
 <LI><a href="#[88]">SCROLLBAR_Callback</a> from SCROLLBAR.o(.text.SCROLLBAR_Callback) referenced from SCROLLBAR.o(.text.SCROLLBAR_CreateUser)
 <LI><a href="#[f]">SCROLLBAR_DrawSkinFlex</a> from SCROLLBAR_SkinFlex.o(.text.SCROLLBAR_DrawSkinFlex) referenced 2 times from SCROLLBAR.o(.data)
 <LI><a href="#[53]">SDIO_IRQHandler</a> from sdio_sdcard.o(i.SDIO_IRQHandler) referenced from startup_stm32f40_41xxx.o(RESET)
 <LI><a href="#[45]">SPI1_IRQHandler</a> from startup_stm32f40_41xxx.o(.text) referenced from startup_stm32f40_41xxx.o(RESET)
 <LI><a href="#[46]">SPI2_IRQHandler</a> from startup_stm32f40_41xxx.o(.text) referenced from startup_stm32f40_41xxx.o(RESET)
 <LI><a href="#[55]">SPI3_IRQHandler</a> from startup_stm32f40_41xxx.o(.text) referenced from startup_stm32f40_41xxx.o(RESET)
 <LI><a href="#[1e]">SVC_Handler</a> from port.o(.emb_text) referenced from startup_stm32f40_41xxx.o(RESET)
 <LI><a href="#[21]">SysTick_Handler</a> from delay.o(i.SysTick_Handler) referenced from startup_stm32f40_41xxx.o(RESET)
 <LI><a href="#[75]">SystemInit</a> from system_stm32f4xx.o(i.SystemInit) referenced from startup_stm32f40_41xxx.o(.text)
 <LI><a href="#[24]">TAMP_STAMP_IRQHandler</a> from startup_stm32f40_41xxx.o(.text) referenced from startup_stm32f40_41xxx.o(RESET)
 <LI><a href="#[8f]">TEXT_Callback</a> from TEXT.o(.text.TEXT_Callback) referenced from TEXT.o(.text.TEXT_CreateUser)
 <LI><a href="#[b0]">TEXT_CreateIndirect</a> from TEXT.o(.text.TEXT_CreateIndirect) referenced 7 times from display.o(.constdata)
 <LI><a href="#[3a]">TIM1_BRK_TIM9_IRQHandler</a> from startup_stm32f40_41xxx.o(.text) referenced from startup_stm32f40_41xxx.o(RESET)
 <LI><a href="#[3d]">TIM1_CC_IRQHandler</a> from startup_stm32f40_41xxx.o(.text) referenced from startup_stm32f40_41xxx.o(RESET)
 <LI><a href="#[3c]">TIM1_TRG_COM_TIM11_IRQHandler</a> from startup_stm32f40_41xxx.o(.text) referenced from startup_stm32f40_41xxx.o(RESET)
 <LI><a href="#[3b]">TIM1_UP_TIM10_IRQHandler</a> from startup_stm32f40_41xxx.o(.text) referenced from startup_stm32f40_41xxx.o(RESET)
 <LI><a href="#[3e]">TIM2_IRQHandler</a> from startup_stm32f40_41xxx.o(.text) referenced from startup_stm32f40_41xxx.o(RESET)
 <LI><a href="#[3f]">TIM3_IRQHandler</a> from timer.o(i.TIM3_IRQHandler) referenced from startup_stm32f40_41xxx.o(RESET)
 <LI><a href="#[40]">TIM4_IRQHandler</a> from startup_stm32f40_41xxx.o(.text) referenced from startup_stm32f40_41xxx.o(RESET)
 <LI><a href="#[54]">TIM5_IRQHandler</a> from startup_stm32f40_41xxx.o(.text) referenced from startup_stm32f40_41xxx.o(RESET)
 <LI><a href="#[58]">TIM6_DAC_IRQHandler</a> from startup_stm32f40_41xxx.o(.text) referenced from startup_stm32f40_41xxx.o(RESET)
 <LI><a href="#[59]">TIM7_IRQHandler</a> from startup_stm32f40_41xxx.o(.text) referenced from startup_stm32f40_41xxx.o(RESET)
 <LI><a href="#[4d]">TIM8_BRK_TIM12_IRQHandler</a> from startup_stm32f40_41xxx.o(.text) referenced from startup_stm32f40_41xxx.o(RESET)
 <LI><a href="#[50]">TIM8_CC_IRQHandler</a> from startup_stm32f40_41xxx.o(.text) referenced from startup_stm32f40_41xxx.o(RESET)
 <LI><a href="#[4f]">TIM8_TRG_COM_TIM14_IRQHandler</a> from startup_stm32f40_41xxx.o(.text) referenced from startup_stm32f40_41xxx.o(RESET)
 <LI><a href="#[4e]">TIM8_UP_TIM13_IRQHandler</a> from startup_stm32f40_41xxx.o(.text) referenced from startup_stm32f40_41xxx.o(RESET)
 <LI><a href="#[2]">TP_Adjust</a> from touch.o(i.TP_Adjust) referenced 2 times from touch.o(.data)
 <LI><a href="#[0]">TP_Init</a> from touch.o(i.TP_Init) referenced 2 times from touch.o(.data)
 <LI><a href="#[1]">TP_Scan</a> from touch.o(i.TP_Scan) referenced 2 times from touch.o(.data)
 <LI><a href="#[56]">UART4_IRQHandler</a> from startup_stm32f40_41xxx.o(.text) referenced from startup_stm32f40_41xxx.o(RESET)
 <LI><a href="#[57]">UART5_IRQHandler</a> from startup_stm32f40_41xxx.o(.text) referenced from startup_stm32f40_41xxx.o(RESET)
 <LI><a href="#[47]">USART1_IRQHandler</a> from usart.o(i.USART1_IRQHandler) referenced from startup_stm32f40_41xxx.o(RESET)
 <LI><a href="#[48]">USART2_IRQHandler</a> from startup_stm32f40_41xxx.o(.text) referenced from startup_stm32f40_41xxx.o(RESET)
 <LI><a href="#[49]">USART3_IRQHandler</a> from startup_stm32f40_41xxx.o(.text) referenced from startup_stm32f40_41xxx.o(RESET)
 <LI><a href="#[69]">USART6_IRQHandler</a> from startup_stm32f40_41xxx.o(.text) referenced from startup_stm32f40_41xxx.o(RESET)
 <LI><a href="#[1d]">UsageFault_Handler</a> from stm32f4xx_it.o(i.UsageFault_Handler) referenced from startup_stm32f40_41xxx.o(RESET)
 <LI><a href="#[99]">WM__Paint1</a> from WM.o(.text.WM__Paint1) referenced from WM.o(.text._Paint1)
 <LI><a href="#[22]">WWDG_IRQHandler</a> from startup_stm32f40_41xxx.o(.text) referenced from startup_stm32f40_41xxx.o(RESET)
 <LI><a href="#[95]">_CalcPositions</a> from SCROLLBAR_Skin.o(.text._CalcPositions) referenced from SCROLLBAR_Skin.o(.text._Create)
 <LI><a href="#[cb]">_CalcSizeOfChar</a> from GUI_UC_EncodeUTF8.o(.text._CalcSizeOfChar) referenced 2 times from GUI_UC_EncodeUTF8.o(.rodata)
 <LI><a href="#[c6]">_Color2IndexBulk</a> from GUICC_M565.o(.text._Color2IndexBulk) referenced from GUICC_M565.o(.rodata)
 <LI><a href="#[ed]">_Color2IndexBulk_M8888I</a> from GUICC_M8888I.o(.text._Color2IndexBulk_M8888I) referenced from GUICC_M8888I.o(.rodata)
 <LI><a href="#[ef]">_Color2Index_0</a> from GUICC_0.o(.text._Color2Index_0) referenced from GUICC_0.o(.rodata)
 <LI><a href="#[c3]">_Color2Index_M565</a> from GUICC_M565.o(.text._Color2Index_M565) referenced from GUICC_M565.o(.rodata)
 <LI><a href="#[eb]">_Color2Index_M8888I</a> from GUICC_M8888I.o(.text._Color2Index_M8888I) referenced from GUICC_M8888I.o(.rodata)
 <LI><a href="#[d]">_Create</a> from FRAMEWIN_Skin.o(.text._Create) referenced 4 times from FRAMEWIN_Skin.o(.data)
 <LI><a href="#[bd]">_DispChar</a> from GUIAA_SIF4Ext.o(.text._DispChar) referenced from GUIAA_SIF4Ext.o(.rodata)
 <LI><a href="#[c2]">_DispLine</a> from GUIAA_SIF4Ext.o(.text._DispLine) referenced from GUIAA_SIF4Ext.o(.rodata)
 <LI><a href="#[8c]">_DrawBackgroundH</a> from SCROLLBAR_SkinFlex.o(.text._DrawBackgroundH) referenced from SCROLLBAR_SkinFlex.o(.text.SCROLLBAR_DrawSkinFlex)
 <LI><a href="#[8a]">_DrawBackgroundV</a> from SCROLLBAR_SkinFlex.o(.text._DrawBackgroundV) referenced from SCROLLBAR_SkinFlex.o(.text.SCROLLBAR_DrawSkinFlex)
 <LI><a href="#[b1]">_DrawBitmap</a> from guidrv_template.o(i._DrawBitmap) referenced from guidrv_template.o(.constdata)
 <LI><a href="#[d5]">_DrawBitmap</a> from GUIDEV_16.o(.text._DrawBitmap) referenced 2 times from GUIDEV_16.o(.rodata)
 <LI><a href="#[8]">_DrawCharAA4_Trans</a> from GUIAA_Char4.o(.text._DrawCharAA4_Trans) referenced 2 times from GUIAA_Char4.o(.data)
 <LI><a href="#[105]">_DrawDown</a> from WIDGET_Effect_Simple.o(.text._DrawDown) referenced from WIDGET_Effect_Simple.o(.rodata)
 <LI><a href="#[106]">_DrawDownRect</a> from WIDGET_Effect_Simple.o(.text._DrawDownRect) referenced from WIDGET_Effect_Simple.o(.rodata)
 <LI><a href="#[8b]">_DrawGraspH</a> from SCROLLBAR_SkinFlex.o(.text._DrawGraspH) referenced from SCROLLBAR_SkinFlex.o(.text.SCROLLBAR_DrawSkinFlex)
 <LI><a href="#[89]">_DrawGraspV</a> from SCROLLBAR_SkinFlex.o(.text._DrawGraspV) referenced from SCROLLBAR_SkinFlex.o(.text.SCROLLBAR_DrawSkinFlex)
 <LI><a href="#[b2]">_DrawHLine</a> from guidrv_template.o(i._DrawHLine) referenced from guidrv_template.o(.constdata)
 <LI><a href="#[d6]">_DrawHLine</a> from GUIDEV_16.o(.text._DrawHLine) referenced 2 times from GUIDEV_16.o(.rodata)
 <LI><a href="#[103]">_DrawUp</a> from WIDGET_Effect_Simple.o(.text._DrawUp) referenced from WIDGET_Effect_Simple.o(.rodata)
 <LI><a href="#[104]">_DrawUpRect</a> from WIDGET_Effect_Simple.o(.text._DrawUpRect) referenced from WIDGET_Effect_Simple.o(.rodata)
 <LI><a href="#[b3]">_DrawVLine</a> from guidrv_template.o(i._DrawVLine) referenced from guidrv_template.o(.constdata)
 <LI><a href="#[d7]">_DrawVLine</a> from GUIDEV_16.o(.text._DrawVLine) referenced 2 times from GUIDEV_16.o(.rodata)
 <LI><a href="#[cc]">_Encode</a> from GUI_UC_EncodeUTF8.o(.text._Encode) referenced 2 times from GUI_UC_EncodeUTF8.o(.rodata)
 <LI><a href="#[b4]">_FillRect</a> from guidrv_template.o(i._FillRect) referenced from guidrv_template.o(.constdata)
 <LI><a href="#[d8]">_FillRect</a> from GUIDEV_16.o(.text._FillRect) referenced 2 times from GUIDEV_16.o(.rodata)
 <LI><a href="#[101]">_GUI_USAGE_BM_Delete</a> from GUIDEV_UsageBM.o(.text._GUI_USAGE_BM_Delete) referenced from GUIDEV_UsageBM.o(.rodata)
 <LI><a href="#[e]">_GetBorderSize</a> from FRAMEWIN_Skin.o(.text._GetBorderSize) referenced 2 times from FRAMEWIN_Skin.o(.data)
 <LI><a href="#[c9]">_GetCharCode</a> from GUI_UC_EncodeUTF8.o(.text._GetCharCode) referenced 2 times from GUI_UC_EncodeUTF8.o(.rodata)
 <LI><a href="#[ca]">_GetCharSize</a> from GUI_UC_EncodeUTF8.o(.text._GetCharSize) referenced 2 times from GUI_UC_EncodeUTF8.o(.rodata)
 <LI><a href="#[14]">_GetCharWrap</a> from GUI__Wrap.o(.text._GetCharWrap) referenced 2 times from GUI__Wrap.o(.data)
 <LI><a href="#[bb]">_GetDevData</a> from guidrv_template.o(i._GetDevData) referenced from guidrv_template.o(.constdata)
 <LI><a href="#[df]">_GetDevData</a> from GUIDEV_16.o(.text._GetDevData) referenced 2 times from GUIDEV_16.o(.rodata)
 <LI><a href="#[b9]">_GetDevFunc</a> from guidrv_template.o(i._GetDevFunc) referenced from guidrv_template.o(.constdata)
 <LI><a href="#[dd]">_GetDevFunc</a> from GUIDEV_16.o(.text._GetDevFunc) referenced 2 times from GUIDEV_16.o(.rodata)
 <LI><a href="#[ba]">_GetDevProp</a> from guidrv_template.o(i._GetDevProp) referenced from guidrv_template.o(.constdata)
 <LI><a href="#[de]">_GetDevProp</a> from GUIDEV_16.o(.text._GetDevProp) referenced 2 times from GUIDEV_16.o(.rodata)
 <LI><a href="#[f1]">_GetIndexMask_0</a> from GUICC_0.o(.text._GetIndexMask_0) referenced from GUICC_0.o(.rodata)
 <LI><a href="#[c5]">_GetIndexMask_M565</a> from GUICC_M565.o(.text._GetIndexMask_M565) referenced from GUICC_M565.o(.rodata)
 <LI><a href="#[ec]">_GetIndexMask_M8888I</a> from GUICC_M8888I.o(.text._GetIndexMask_M8888I) referenced from GUICC_M8888I.o(.rodata)
 <LI><a href="#[b5]">_GetPixelIndex</a> from guidrv_template.o(i._GetPixelIndex) referenced from guidrv_template.o(.constdata)
 <LI><a href="#[d9]">_GetPixelIndex</a> from GUIDEV_16.o(.text._GetPixelIndex) referenced 2 times from GUIDEV_16.o(.rodata)
 <LI><a href="#[bc]">_GetRect</a> from guidrv_template.o(i._GetRect) referenced from guidrv_template.o(.constdata)
 <LI><a href="#[e0]">_GetRect</a> from GUIDEV_16.o(.text._GetRect) referenced 2 times from GUIDEV_16.o(.rodata)
 <LI><a href="#[13]">_GetWordWrap</a> from GUI__Wrap.o(.text._GetWordWrap) referenced 2 times from GUI__Wrap.o(.data)
 <LI><a href="#[c7]">_Index2ColorBulk</a> from GUICC_M565.o(.text._Index2ColorBulk) referenced from GUICC_M565.o(.rodata)
 <LI><a href="#[ee]">_Index2ColorBulk_M8888I</a> from GUICC_M8888I.o(.text._Index2ColorBulk_M8888I) referenced from GUICC_M8888I.o(.rodata)
 <LI><a href="#[f0]">_Index2Color_0</a> from GUICC_0.o(.text._Index2Color_0) referenced from GUICC_0.o(.rodata)
 <LI><a href="#[a2]">_Init</a> from guidrv_template.o(i._Init) referenced from guidrv_template.o(i._GetDevFunc)
 <LI><a href="#[7a]">_InvalidateNewItem</a> from GRAPH_DATA_YT.o(.text._InvalidateNewItem) referenced from GRAPH_DATA_YT.o(.text.GRAPH_DATA_YT_Create)
 <LI><a href="#[10]">_Log2VisBuffered</a> from GUI_CharLine.o(.text._Log2VisBuffered) referenced 2 times from GUI_CharLine.o(.data)
 <LI><a href="#[e1]">_MULTIBUF_Begin</a> from WM_MULTIBUF.o(.text._MULTIBUF_Begin) referenced from WM_MULTIBUF.o(.rodata)
 <LI><a href="#[e2]">_MULTIBUF_End</a> from WM_MULTIBUF.o(.text._MULTIBUF_End) referenced from WM_MULTIBUF.o(.rodata)
 <LI><a href="#[a4]">_Off</a> from guidrv_template.o(i._Off) referenced from guidrv_template.o(i._GetDevFunc)
 <LI><a href="#[a3]">_On</a> from guidrv_template.o(i._On) referenced from guidrv_template.o(i._GetDevFunc)
 <LI><a href="#[7c]">_OnDelete</a> from GRAPH_DATA_YT.o(.text._OnDelete) referenced from GRAPH_DATA_YT.o(.text.GRAPH_DATA_YT_Create)
 <LI><a href="#[7e]">_OnExit</a> from GUI_Task.o(.text._OnExit) referenced from GUI_Task.o(.text.GUITASK_Init)
 <LI><a href="#[82]">_OnExit</a> from GUI_Timer.o(.text._OnExit) referenced from GUI_Timer.o(.text.GUI_TIMER_Create)
 <LI><a href="#[83]">_OnExit</a> from GUI_Core.o(.text._OnExit) referenced from GUI_Core.o(.text.GUI__Config)
 <LI><a href="#[86]">_OnExit</a> from GUI__Alpha.o(.text._OnExit) referenced from GUI__Alpha.o(.text.GUI__GetAlphaBuffer)
 <LI><a href="#[87]">_OnExit</a> from LCD_Color.o(.text._OnExit) referenced from LCD_Color.o(.text.LCD_InitColors)
 <LI><a href="#[93]">_OnExit</a> from WM.o(.text._OnExit) referenced from WM.o(.text.WM_Init)
 <LI><a href="#[7b]">_OnPaint</a> from GRAPH_DATA_YT.o(.text._OnPaint) referenced from GRAPH_DATA_YT.o(.text.GRAPH_DATA_YT_Create)
 <LI><a href="#[7d]">_OnPaint</a> from GRAPH_SCALE.o(.text._OnPaint) referenced from GRAPH_SCALE.o(.text.GRAPH_SCALE_Create)
 <LI><a href="#[c]">_Paint</a> from FRAMEWIN_Skin.o(.text._Paint) referenced 4 times from FRAMEWIN_Skin.o(.data)
 <LI><a href="#[e9]">_SetBkColor</a> from LCD.o(.text._SetBkColor) referenced from LCD.o(.rodata)
 <LI><a href="#[e8]">_SetColor</a> from LCD.o(.text._SetColor) referenced from LCD.o(.rodata)
 <LI><a href="#[ea]">_SetDrawMode</a> from LCD.o(.text._SetDrawMode) referenced from LCD.o(.rodata)
 <LI><a href="#[a5]">_SetLUTEntry</a> from guidrv_template.o(i._SetLUTEntry) referenced from guidrv_template.o(i._GetDevFunc)
 <LI><a href="#[b8]">_SetOrg</a> from guidrv_template.o(i._SetOrg) referenced from guidrv_template.o(.constdata)
 <LI><a href="#[dc]">_SetOrg</a> from GUIDEV_16.o(.text._SetOrg) referenced 2 times from GUIDEV_16.o(.rodata)
 <LI><a href="#[b6]">_SetPixelIndex</a> from guidrv_template.o(i._SetPixelIndex) referenced from guidrv_template.o(.constdata)
 <LI><a href="#[da]">_SetPixelIndex</a> from GUIDEV_16.o(.text._SetPixelIndex) referenced 2 times from GUIDEV_16.o(.rodata)
 <LI><a href="#[a1]">_SetSize</a> from guidrv_template.o(i._SetSize) referenced from guidrv_template.o(i._GetDevFunc)
 <LI><a href="#[9f]">_SetVRAMAddr</a> from guidrv_template.o(i._SetVRAMAddr) referenced from guidrv_template.o(i._GetDevFunc)
 <LI><a href="#[a0]">_SetVSize</a> from guidrv_template.o(i._SetVSize) referenced from guidrv_template.o(i._GetDevFunc)
 <LI><a href="#[b7]">_XorPixel</a> from guidrv_template.o(i._XorPixel) referenced from guidrv_template.o(.constdata)
 <LI><a href="#[db]">_XorPixel</a> from GUIDEV_16.o(.text._XorPixel) referenced 2 times from GUIDEV_16.o(.rodata)
 <LI><a href="#[76]">__main</a> from entry.o(.ARM.Collect$$$$00000000) referenced from startup_stm32f40_41xxx.o(.text)
 <LI><a href="#[92]">_cbBackWin</a> from WM.o(.text._cbBackWin) referenced from WM.o(.text.WM_Init)
 <LI><a href="#[9b]">_cbDialog</a> from display.o(i._cbDialog) referenced from display.o(i.CreateFramewin)
 <LI><a href="#[90]">_cbInvalidateOne</a> from WM_BringToTop.o(.text._cbInvalidateOne) referenced from WM_BringToTop.o(.text.WM_BringToTop)
 <LI><a href="#[94]">_cbPaintMemDev</a> from WM.o(.text._cbPaintMemDev) referenced from WM.o(.text.WM__Paint)
 <LI><a href="#[91]">_cbTimer</a> from WM_Timer.o(.text._cbTimer) referenced from WM_Timer.o(.text.WM_CreateTimer)
 <LI><a href="#[a7]">_sputc</a> from printf5.o(i._sputc) referenced from printf5.o(i.__0sprintf$5)
 <LI><a href="#[ab]">controltask</a> from main.o(i.controltask) referenced from main.o(i.start_task)
 <LI><a href="#[aa]">displaytask</a> from main.o(i.displaytask) referenced from main.o(i.start_task)
 <LI><a href="#[a6]">fputc</a> from usart.o(i.fputc) referenced from printf5.o(i.__0printf$5)
 <LI><a href="#[74]">main</a> from main.o(i.main) referenced from entry9a.o(.ARM.Collect$$$$0000000B)
 <LI><a href="#[3]">mem_init</a> from malloc.o(i.mem_init) referenced 2 times from malloc.o(.data)
 <LI><a href="#[4]">mem_perused</a> from malloc.o(i.mem_perused) referenced 2 times from malloc.o(.data)
 <LI><a href="#[a]">memcpy</a> from memmove.o(.text) referenced 2 times from GUI__Private.o(.data)
 <LI><a href="#[b]">memset</a> from memseta.o(.text) referenced 2 times from GUI__Private.o(.data)
 <LI><a href="#[ac]">prvIdleTask</a> from tasks.o(i.prvIdleTask) referenced from tasks.o(i.vTaskStartScheduler)
 <LI><a href="#[a9]">prvTaskExitError</a> from port.o(i.prvTaskExitError) referenced from port.o(i.pxPortInitialiseStack)
 <LI><a href="#[ad]">prvTimerTask</a> from timers.o(i.prvTimerTask) referenced from timers.o(i.xTimerCreateTimerTask)
 <LI><a href="#[a8]">start_task</a> from main.o(i.start_task) referenced from main.o(i.main)
</UL>
<P>
<H3>
Global Symbols
</H3>
<P><STRONG><a name="[76]"></a>__main</STRONG> (Thumb, 0 bytes, Stack size unknown bytes, entry.o(.ARM.Collect$$$$00000000))
<BR>[Address Reference Count : 1]<UL><LI> startup_stm32f40_41xxx.o(.text)
</UL>
<P><STRONG><a name="[435]"></a>_main_stk</STRONG> (Thumb, 0 bytes, Stack size unknown bytes, entry2.o(.ARM.Collect$$$$00000001))

<P><STRONG><a name="[107]"></a>_main_scatterload</STRONG> (Thumb, 0 bytes, Stack size unknown bytes, entry5.o(.ARM.Collect$$$$00000004))
<BR><BR>[Calls]<UL><LI><a href="#[108]">&gt;&gt;</a>&nbsp;&nbsp;&nbsp;__scatterload
</UL>

<P><STRONG><a name="[122]"></a>__main_after_scatterload</STRONG> (Thumb, 0 bytes, Stack size unknown bytes, entry5.o(.ARM.Collect$$$$00000004))
<BR><BR>[Called By]<UL><LI><a href="#[108]">&gt;&gt;</a>&nbsp;&nbsp;&nbsp;__scatterload
</UL>

<P><STRONG><a name="[436]"></a>_main_clock</STRONG> (Thumb, 0 bytes, Stack size unknown bytes, entry7b.o(.ARM.Collect$$$$00000008))

<P><STRONG><a name="[437]"></a>_main_cpp_init</STRONG> (Thumb, 0 bytes, Stack size unknown bytes, entry8b.o(.ARM.Collect$$$$0000000A))

<P><STRONG><a name="[438]"></a>_main_init</STRONG> (Thumb, 0 bytes, Stack size unknown bytes, entry9a.o(.ARM.Collect$$$$0000000B))

<P><STRONG><a name="[439]"></a>__rt_final_cpp</STRONG> (Thumb, 0 bytes, Stack size unknown bytes, entry10a.o(.ARM.Collect$$$$0000000D))

<P><STRONG><a name="[43a]"></a>__rt_final_exit</STRONG> (Thumb, 0 bytes, Stack size unknown bytes, entry11a.o(.ARM.Collect$$$$0000000F))

<P><STRONG><a name="[43b]"></a>WFI_SET</STRONG> (Thumb, 2 bytes, Stack size 0 bytes, sys.o(.emb_text), UNUSED)

<P><STRONG><a name="[378]"></a>INTX_DISABLE</STRONG> (Thumb, 4 bytes, Stack size 0 bytes, sys.o(.emb_text))
<BR><BR>[Called By]<UL><LI><a href="#[37f]">&gt;&gt;</a>&nbsp;&nbsp;&nbsp;SD_WriteMultiBlocks
<LI><a href="#[37d]">&gt;&gt;</a>&nbsp;&nbsp;&nbsp;SD_WriteBlock
<LI><a href="#[37c]">&gt;&gt;</a>&nbsp;&nbsp;&nbsp;SD_ReadMultiBlocks
<LI><a href="#[376]">&gt;&gt;</a>&nbsp;&nbsp;&nbsp;SD_ReadBlock
</UL>

<P><STRONG><a name="[379]"></a>INTX_ENABLE</STRONG> (Thumb, 4 bytes, Stack size 0 bytes, sys.o(.emb_text))
<BR><BR>[Called By]<UL><LI><a href="#[37f]">&gt;&gt;</a>&nbsp;&nbsp;&nbsp;SD_WriteMultiBlocks
<LI><a href="#[37d]">&gt;&gt;</a>&nbsp;&nbsp;&nbsp;SD_WriteBlock
<LI><a href="#[37c]">&gt;&gt;</a>&nbsp;&nbsp;&nbsp;SD_ReadMultiBlocks
<LI><a href="#[376]">&gt;&gt;</a>&nbsp;&nbsp;&nbsp;SD_ReadBlock
</UL>

<P><STRONG><a name="[43c]"></a>MSR_MSP</STRONG> (Thumb, 6 bytes, Stack size 0 bytes, sys.o(.emb_text), UNUSED)

<P><STRONG><a name="[1e]"></a>SVC_Handler</STRONG> (Thumb, 28 bytes, Stack size 0 bytes, port.o(.emb_text))
<BR>[Address Reference Count : 1]<UL><LI> startup_stm32f40_41xxx.o(RESET)
</UL>
<P><STRONG><a name="[42e]"></a>__asm___6_port_c_39a90d8d__prvStartFirstTask</STRONG> (Thumb, 28 bytes, Stack size 0 bytes, port.o(.emb_text))
<BR><BR>[Called By]<UL><LI><a href="#[42b]">&gt;&gt;</a>&nbsp;&nbsp;&nbsp;xPortStartScheduler
</UL>

<P><STRONG><a name="[42d]"></a>__asm___6_port_c_39a90d8d__prvEnableVFP</STRONG> (Thumb, 16 bytes, Stack size 0 bytes, port.o(.emb_text))
<BR><BR>[Called By]<UL><LI><a href="#[42b]">&gt;&gt;</a>&nbsp;&nbsp;&nbsp;xPortStartScheduler
</UL>

<P><STRONG><a name="[20]"></a>PendSV_Handler</STRONG> (Thumb, 88 bytes, Stack size 0 bytes, port.o(.emb_text))
<BR><BR>[Stack]<UL><LI>Max Depth = 40<LI>Call Chain = PendSV_Handler &rArr; vTaskSwitchContext &rArr; __2printf
</UL>
<BR>[Calls]<UL><LI><a href="#[109]">&gt;&gt;</a>&nbsp;&nbsp;&nbsp;vTaskSwitchContext
</UL>
<BR>[Address Reference Count : 1]<UL><LI> startup_stm32f40_41xxx.o(RESET)
</UL>
<P><STRONG><a name="[424]"></a>vPortGetIPSR</STRONG> (Thumb, 6 bytes, Stack size 0 bytes, port.o(.emb_text))
<BR><BR>[Called By]<UL><LI><a href="#[423]">&gt;&gt;</a>&nbsp;&nbsp;&nbsp;vPortValidateInterruptPriority
</UL>

<P><STRONG><a name="[18]"></a>Reset_Handler</STRONG> (Thumb, 8 bytes, Stack size 0 bytes, startup_stm32f40_41xxx.o(.text))
<BR>[Address Reference Count : 1]<UL><LI> startup_stm32f40_41xxx.o(RESET)
</UL>
<P><STRONG><a name="[34]"></a>ADC_IRQHandler</STRONG> (Thumb, 0 bytes, Stack size 0 bytes, startup_stm32f40_41xxx.o(.text))
<BR><BR>[Calls]<UL><LI><a href="#[34]">&gt;&gt;</a>&nbsp;&nbsp;&nbsp;ADC_IRQHandler
</UL>
<BR>[Called By]<UL><LI><a href="#[34]">&gt;&gt;</a>&nbsp;&nbsp;&nbsp;ADC_IRQHandler
</UL>
<BR>[Address Reference Count : 1]<UL><LI> startup_stm32f40_41xxx.o(RESET)
</UL>
<P><STRONG><a name="[36]"></a>CAN1_RX0_IRQHandler</STRONG> (Thumb, 0 bytes, Stack size 0 bytes, startup_stm32f40_41xxx.o(.text))
<BR>[Address Reference Count : 1]<UL><LI> startup_stm32f40_41xxx.o(RESET)
</UL>
<P><STRONG><a name="[37]"></a>CAN1_RX1_IRQHandler</STRONG> (Thumb, 0 bytes, Stack size 0 bytes, startup_stm32f40_41xxx.o(.text))
<BR>[Address Reference Count : 1]<UL><LI> startup_stm32f40_41xxx.o(RESET)
</UL>
<P><STRONG><a name="[38]"></a>CAN1_SCE_IRQHandler</STRONG> (Thumb, 0 bytes, Stack size 0 bytes, startup_stm32f40_41xxx.o(.text))
<BR>[Address Reference Count : 1]<UL><LI> startup_stm32f40_41xxx.o(RESET)
</UL>
<P><STRONG><a name="[35]"></a>CAN1_TX_IRQHandler</STRONG> (Thumb, 0 bytes, Stack size 0 bytes, startup_stm32f40_41xxx.o(.text))
<BR>[Address Reference Count : 1]<UL><LI> startup_stm32f40_41xxx.o(RESET)
</UL>
<P><STRONG><a name="[62]"></a>CAN2_RX0_IRQHandler</STRONG> (Thumb, 0 bytes, Stack size 0 bytes, startup_stm32f40_41xxx.o(.text))
<BR>[Address Reference Count : 1]<UL><LI> startup_stm32f40_41xxx.o(RESET)
</UL>
<P><STRONG><a name="[63]"></a>CAN2_RX1_IRQHandler</STRONG> (Thumb, 0 bytes, Stack size 0 bytes, startup_stm32f40_41xxx.o(.text))
<BR>[Address Reference Count : 1]<UL><LI> startup_stm32f40_41xxx.o(RESET)
</UL>
<P><STRONG><a name="[64]"></a>CAN2_SCE_IRQHandler</STRONG> (Thumb, 0 bytes, Stack size 0 bytes, startup_stm32f40_41xxx.o(.text))
<BR>[Address Reference Count : 1]<UL><LI> startup_stm32f40_41xxx.o(RESET)
</UL>
<P><STRONG><a name="[61]"></a>CAN2_TX_IRQHandler</STRONG> (Thumb, 0 bytes, Stack size 0 bytes, startup_stm32f40_41xxx.o(.text))
<BR>[Address Reference Count : 1]<UL><LI> startup_stm32f40_41xxx.o(RESET)
</UL>
<P><STRONG><a name="[71]"></a>CRYP_IRQHandler</STRONG> (Thumb, 0 bytes, Stack size 0 bytes, startup_stm32f40_41xxx.o(.text))
<BR>[Address Reference Count : 1]<UL><LI> startup_stm32f40_41xxx.o(RESET)
</UL>
<P><STRONG><a name="[70]"></a>DCMI_IRQHandler</STRONG> (Thumb, 0 bytes, Stack size 0 bytes, startup_stm32f40_41xxx.o(.text))
<BR>[Address Reference Count : 1]<UL><LI> startup_stm32f40_41xxx.o(RESET)
</UL>
<P><STRONG><a name="[2d]"></a>DMA1_Stream0_IRQHandler</STRONG> (Thumb, 0 bytes, Stack size 0 bytes, startup_stm32f40_41xxx.o(.text))
<BR>[Address Reference Count : 1]<UL><LI> startup_stm32f40_41xxx.o(RESET)
</UL>
<P><STRONG><a name="[2e]"></a>DMA1_Stream1_IRQHandler</STRONG> (Thumb, 0 bytes, Stack size 0 bytes, startup_stm32f40_41xxx.o(.text))
<BR>[Address Reference Count : 1]<UL><LI> startup_stm32f40_41xxx.o(RESET)
</UL>
<P><STRONG><a name="[2f]"></a>DMA1_Stream2_IRQHandler</STRONG> (Thumb, 0 bytes, Stack size 0 bytes, startup_stm32f40_41xxx.o(.text))
<BR>[Address Reference Count : 1]<UL><LI> startup_stm32f40_41xxx.o(RESET)
</UL>
<P><STRONG><a name="[30]"></a>DMA1_Stream3_IRQHandler</STRONG> (Thumb, 0 bytes, Stack size 0 bytes, startup_stm32f40_41xxx.o(.text))
<BR>[Address Reference Count : 1]<UL><LI> startup_stm32f40_41xxx.o(RESET)
</UL>
<P><STRONG><a name="[31]"></a>DMA1_Stream4_IRQHandler</STRONG> (Thumb, 0 bytes, Stack size 0 bytes, startup_stm32f40_41xxx.o(.text))
<BR>[Address Reference Count : 1]<UL><LI> startup_stm32f40_41xxx.o(RESET)
</UL>
<P><STRONG><a name="[32]"></a>DMA1_Stream5_IRQHandler</STRONG> (Thumb, 0 bytes, Stack size 0 bytes, startup_stm32f40_41xxx.o(.text))
<BR>[Address Reference Count : 1]<UL><LI> startup_stm32f40_41xxx.o(RESET)
</UL>
<P><STRONG><a name="[33]"></a>DMA1_Stream6_IRQHandler</STRONG> (Thumb, 0 bytes, Stack size 0 bytes, startup_stm32f40_41xxx.o(.text))
<BR>[Address Reference Count : 1]<UL><LI> startup_stm32f40_41xxx.o(RESET)
</UL>
<P><STRONG><a name="[51]"></a>DMA1_Stream7_IRQHandler</STRONG> (Thumb, 0 bytes, Stack size 0 bytes, startup_stm32f40_41xxx.o(.text))
<BR>[Address Reference Count : 1]<UL><LI> startup_stm32f40_41xxx.o(RESET)
</UL>
<P><STRONG><a name="[5a]"></a>DMA2_Stream0_IRQHandler</STRONG> (Thumb, 0 bytes, Stack size 0 bytes, startup_stm32f40_41xxx.o(.text))
<BR>[Address Reference Count : 1]<UL><LI> startup_stm32f40_41xxx.o(RESET)
</UL>
<P><STRONG><a name="[5b]"></a>DMA2_Stream1_IRQHandler</STRONG> (Thumb, 0 bytes, Stack size 0 bytes, startup_stm32f40_41xxx.o(.text))
<BR>[Address Reference Count : 1]<UL><LI> startup_stm32f40_41xxx.o(RESET)
</UL>
<P><STRONG><a name="[5c]"></a>DMA2_Stream2_IRQHandler</STRONG> (Thumb, 0 bytes, Stack size 0 bytes, startup_stm32f40_41xxx.o(.text))
<BR>[Address Reference Count : 1]<UL><LI> startup_stm32f40_41xxx.o(RESET)
</UL>
<P><STRONG><a name="[5d]"></a>DMA2_Stream3_IRQHandler</STRONG> (Thumb, 0 bytes, Stack size 0 bytes, startup_stm32f40_41xxx.o(.text))
<BR>[Address Reference Count : 1]<UL><LI> startup_stm32f40_41xxx.o(RESET)
</UL>
<P><STRONG><a name="[5e]"></a>DMA2_Stream4_IRQHandler</STRONG> (Thumb, 0 bytes, Stack size 0 bytes, startup_stm32f40_41xxx.o(.text))
<BR>[Address Reference Count : 1]<UL><LI> startup_stm32f40_41xxx.o(RESET)
</UL>
<P><STRONG><a name="[66]"></a>DMA2_Stream5_IRQHandler</STRONG> (Thumb, 0 bytes, Stack size 0 bytes, startup_stm32f40_41xxx.o(.text))
<BR>[Address Reference Count : 1]<UL><LI> startup_stm32f40_41xxx.o(RESET)
</UL>
<P><STRONG><a name="[67]"></a>DMA2_Stream6_IRQHandler</STRONG> (Thumb, 0 bytes, Stack size 0 bytes, startup_stm32f40_41xxx.o(.text))
<BR>[Address Reference Count : 1]<UL><LI> startup_stm32f40_41xxx.o(RESET)
</UL>
<P><STRONG><a name="[68]"></a>DMA2_Stream7_IRQHandler</STRONG> (Thumb, 0 bytes, Stack size 0 bytes, startup_stm32f40_41xxx.o(.text))
<BR>[Address Reference Count : 1]<UL><LI> startup_stm32f40_41xxx.o(RESET)
</UL>
<P><STRONG><a name="[5f]"></a>ETH_IRQHandler</STRONG> (Thumb, 0 bytes, Stack size 0 bytes, startup_stm32f40_41xxx.o(.text))
<BR>[Address Reference Count : 1]<UL><LI> startup_stm32f40_41xxx.o(RESET)
</UL>
<P><STRONG><a name="[60]"></a>ETH_WKUP_IRQHandler</STRONG> (Thumb, 0 bytes, Stack size 0 bytes, startup_stm32f40_41xxx.o(.text))
<BR>[Address Reference Count : 1]<UL><LI> startup_stm32f40_41xxx.o(RESET)
</UL>
<P><STRONG><a name="[28]"></a>EXTI0_IRQHandler</STRONG> (Thumb, 0 bytes, Stack size 0 bytes, startup_stm32f40_41xxx.o(.text))
<BR>[Address Reference Count : 1]<UL><LI> startup_stm32f40_41xxx.o(RESET)
</UL>
<P><STRONG><a name="[4a]"></a>EXTI15_10_IRQHandler</STRONG> (Thumb, 0 bytes, Stack size 0 bytes, startup_stm32f40_41xxx.o(.text))
<BR>[Address Reference Count : 1]<UL><LI> startup_stm32f40_41xxx.o(RESET)
</UL>
<P><STRONG><a name="[29]"></a>EXTI1_IRQHandler</STRONG> (Thumb, 0 bytes, Stack size 0 bytes, startup_stm32f40_41xxx.o(.text))
<BR>[Address Reference Count : 1]<UL><LI> startup_stm32f40_41xxx.o(RESET)
</UL>
<P><STRONG><a name="[2a]"></a>EXTI2_IRQHandler</STRONG> (Thumb, 0 bytes, Stack size 0 bytes, startup_stm32f40_41xxx.o(.text))
<BR>[Address Reference Count : 1]<UL><LI> startup_stm32f40_41xxx.o(RESET)
</UL>
<P><STRONG><a name="[2b]"></a>EXTI3_IRQHandler</STRONG> (Thumb, 0 bytes, Stack size 0 bytes, startup_stm32f40_41xxx.o(.text))
<BR>[Address Reference Count : 1]<UL><LI> startup_stm32f40_41xxx.o(RESET)
</UL>
<P><STRONG><a name="[2c]"></a>EXTI4_IRQHandler</STRONG> (Thumb, 0 bytes, Stack size 0 bytes, startup_stm32f40_41xxx.o(.text))
<BR>[Address Reference Count : 1]<UL><LI> startup_stm32f40_41xxx.o(RESET)
</UL>
<P><STRONG><a name="[39]"></a>EXTI9_5_IRQHandler</STRONG> (Thumb, 0 bytes, Stack size 0 bytes, startup_stm32f40_41xxx.o(.text))
<BR>[Address Reference Count : 1]<UL><LI> startup_stm32f40_41xxx.o(RESET)
</UL>
<P><STRONG><a name="[26]"></a>FLASH_IRQHandler</STRONG> (Thumb, 0 bytes, Stack size 0 bytes, startup_stm32f40_41xxx.o(.text))
<BR>[Address Reference Count : 1]<UL><LI> startup_stm32f40_41xxx.o(RESET)
</UL>
<P><STRONG><a name="[73]"></a>FPU_IRQHandler</STRONG> (Thumb, 0 bytes, Stack size 0 bytes, startup_stm32f40_41xxx.o(.text))
<BR>[Address Reference Count : 1]<UL><LI> startup_stm32f40_41xxx.o(RESET)
</UL>
<P><STRONG><a name="[52]"></a>FSMC_IRQHandler</STRONG> (Thumb, 0 bytes, Stack size 0 bytes, startup_stm32f40_41xxx.o(.text))
<BR>[Address Reference Count : 1]<UL><LI> startup_stm32f40_41xxx.o(RESET)
</UL>
<P><STRONG><a name="[72]"></a>HASH_RNG_IRQHandler</STRONG> (Thumb, 0 bytes, Stack size 0 bytes, startup_stm32f40_41xxx.o(.text))
<BR>[Address Reference Count : 1]<UL><LI> startup_stm32f40_41xxx.o(RESET)
</UL>
<P><STRONG><a name="[42]"></a>I2C1_ER_IRQHandler</STRONG> (Thumb, 0 bytes, Stack size 0 bytes, startup_stm32f40_41xxx.o(.text))
<BR>[Address Reference Count : 1]<UL><LI> startup_stm32f40_41xxx.o(RESET)
</UL>
<P><STRONG><a name="[41]"></a>I2C1_EV_IRQHandler</STRONG> (Thumb, 0 bytes, Stack size 0 bytes, startup_stm32f40_41xxx.o(.text))
<BR>[Address Reference Count : 1]<UL><LI> startup_stm32f40_41xxx.o(RESET)
</UL>
<P><STRONG><a name="[44]"></a>I2C2_ER_IRQHandler</STRONG> (Thumb, 0 bytes, Stack size 0 bytes, startup_stm32f40_41xxx.o(.text))
<BR>[Address Reference Count : 1]<UL><LI> startup_stm32f40_41xxx.o(RESET)
</UL>
<P><STRONG><a name="[43]"></a>I2C2_EV_IRQHandler</STRONG> (Thumb, 0 bytes, Stack size 0 bytes, startup_stm32f40_41xxx.o(.text))
<BR>[Address Reference Count : 1]<UL><LI> startup_stm32f40_41xxx.o(RESET)
</UL>
<P><STRONG><a name="[6b]"></a>I2C3_ER_IRQHandler</STRONG> (Thumb, 0 bytes, Stack size 0 bytes, startup_stm32f40_41xxx.o(.text))
<BR>[Address Reference Count : 1]<UL><LI> startup_stm32f40_41xxx.o(RESET)
</UL>
<P><STRONG><a name="[6a]"></a>I2C3_EV_IRQHandler</STRONG> (Thumb, 0 bytes, Stack size 0 bytes, startup_stm32f40_41xxx.o(.text))
<BR>[Address Reference Count : 1]<UL><LI> startup_stm32f40_41xxx.o(RESET)
</UL>
<P><STRONG><a name="[65]"></a>OTG_FS_IRQHandler</STRONG> (Thumb, 0 bytes, Stack size 0 bytes, startup_stm32f40_41xxx.o(.text))
<BR>[Address Reference Count : 1]<UL><LI> startup_stm32f40_41xxx.o(RESET)
</UL>
<P><STRONG><a name="[4c]"></a>OTG_FS_WKUP_IRQHandler</STRONG> (Thumb, 0 bytes, Stack size 0 bytes, startup_stm32f40_41xxx.o(.text))
<BR>[Address Reference Count : 1]<UL><LI> startup_stm32f40_41xxx.o(RESET)
</UL>
<P><STRONG><a name="[6d]"></a>OTG_HS_EP1_IN_IRQHandler</STRONG> (Thumb, 0 bytes, Stack size 0 bytes, startup_stm32f40_41xxx.o(.text))
<BR>[Address Reference Count : 1]<UL><LI> startup_stm32f40_41xxx.o(RESET)
</UL>
<P><STRONG><a name="[6c]"></a>OTG_HS_EP1_OUT_IRQHandler</STRONG> (Thumb, 0 bytes, Stack size 0 bytes, startup_stm32f40_41xxx.o(.text))
<BR>[Address Reference Count : 1]<UL><LI> startup_stm32f40_41xxx.o(RESET)
</UL>
<P><STRONG><a name="[6f]"></a>OTG_HS_IRQHandler</STRONG> (Thumb, 0 bytes, Stack size 0 bytes, startup_stm32f40_41xxx.o(.text))
<BR>[Address Reference Count : 1]<UL><LI> startup_stm32f40_41xxx.o(RESET)
</UL>
<P><STRONG><a name="[6e]"></a>OTG_HS_WKUP_IRQHandler</STRONG> (Thumb, 0 bytes, Stack size 0 bytes, startup_stm32f40_41xxx.o(.text))
<BR>[Address Reference Count : 1]<UL><LI> startup_stm32f40_41xxx.o(RESET)
</UL>
<P><STRONG><a name="[23]"></a>PVD_IRQHandler</STRONG> (Thumb, 0 bytes, Stack size 0 bytes, startup_stm32f40_41xxx.o(.text))
<BR>[Address Reference Count : 1]<UL><LI> startup_stm32f40_41xxx.o(RESET)
</UL>
<P><STRONG><a name="[27]"></a>RCC_IRQHandler</STRONG> (Thumb, 0 bytes, Stack size 0 bytes, startup_stm32f40_41xxx.o(.text))
<BR>[Address Reference Count : 1]<UL><LI> startup_stm32f40_41xxx.o(RESET)
</UL>
<P><STRONG><a name="[4b]"></a>RTC_Alarm_IRQHandler</STRONG> (Thumb, 0 bytes, Stack size 0 bytes, startup_stm32f40_41xxx.o(.text))
<BR>[Address Reference Count : 1]<UL><LI> startup_stm32f40_41xxx.o(RESET)
</UL>
<P><STRONG><a name="[25]"></a>RTC_WKUP_IRQHandler</STRONG> (Thumb, 0 bytes, Stack size 0 bytes, startup_stm32f40_41xxx.o(.text))
<BR>[Address Reference Count : 1]<UL><LI> startup_stm32f40_41xxx.o(RESET)
</UL>
<P><STRONG><a name="[45]"></a>SPI1_IRQHandler</STRONG> (Thumb, 0 bytes, Stack size 0 bytes, startup_stm32f40_41xxx.o(.text))
<BR>[Address Reference Count : 1]<UL><LI> startup_stm32f40_41xxx.o(RESET)
</UL>
<P><STRONG><a name="[46]"></a>SPI2_IRQHandler</STRONG> (Thumb, 0 bytes, Stack size 0 bytes, startup_stm32f40_41xxx.o(.text))
<BR>[Address Reference Count : 1]<UL><LI> startup_stm32f40_41xxx.o(RESET)
</UL>
<P><STRONG><a name="[55]"></a>SPI3_IRQHandler</STRONG> (Thumb, 0 bytes, Stack size 0 bytes, startup_stm32f40_41xxx.o(.text))
<BR>[Address Reference Count : 1]<UL><LI> startup_stm32f40_41xxx.o(RESET)
</UL>
<P><STRONG><a name="[24]"></a>TAMP_STAMP_IRQHandler</STRONG> (Thumb, 0 bytes, Stack size 0 bytes, startup_stm32f40_41xxx.o(.text))
<BR>[Address Reference Count : 1]<UL><LI> startup_stm32f40_41xxx.o(RESET)
</UL>
<P><STRONG><a name="[3a]"></a>TIM1_BRK_TIM9_IRQHandler</STRONG> (Thumb, 0 bytes, Stack size 0 bytes, startup_stm32f40_41xxx.o(.text))
<BR>[Address Reference Count : 1]<UL><LI> startup_stm32f40_41xxx.o(RESET)
</UL>
<P><STRONG><a name="[3d]"></a>TIM1_CC_IRQHandler</STRONG> (Thumb, 0 bytes, Stack size 0 bytes, startup_stm32f40_41xxx.o(.text))
<BR>[Address Reference Count : 1]<UL><LI> startup_stm32f40_41xxx.o(RESET)
</UL>
<P><STRONG><a name="[3c]"></a>TIM1_TRG_COM_TIM11_IRQHandler</STRONG> (Thumb, 0 bytes, Stack size 0 bytes, startup_stm32f40_41xxx.o(.text))
<BR>[Address Reference Count : 1]<UL><LI> startup_stm32f40_41xxx.o(RESET)
</UL>
<P><STRONG><a name="[3b]"></a>TIM1_UP_TIM10_IRQHandler</STRONG> (Thumb, 0 bytes, Stack size 0 bytes, startup_stm32f40_41xxx.o(.text))
<BR>[Address Reference Count : 1]<UL><LI> startup_stm32f40_41xxx.o(RESET)
</UL>
<P><STRONG><a name="[3e]"></a>TIM2_IRQHandler</STRONG> (Thumb, 0 bytes, Stack size 0 bytes, startup_stm32f40_41xxx.o(.text))
<BR>[Address Reference Count : 1]<UL><LI> startup_stm32f40_41xxx.o(RESET)
</UL>
<P><STRONG><a name="[40]"></a>TIM4_IRQHandler</STRONG> (Thumb, 0 bytes, Stack size 0 bytes, startup_stm32f40_41xxx.o(.text))
<BR>[Address Reference Count : 1]<UL><LI> startup_stm32f40_41xxx.o(RESET)
</UL>
<P><STRONG><a name="[54]"></a>TIM5_IRQHandler</STRONG> (Thumb, 0 bytes, Stack size 0 bytes, startup_stm32f40_41xxx.o(.text))
<BR>[Address Reference Count : 1]<UL><LI> startup_stm32f40_41xxx.o(RESET)
</UL>
<P><STRONG><a name="[58]"></a>TIM6_DAC_IRQHandler</STRONG> (Thumb, 0 bytes, Stack size 0 bytes, startup_stm32f40_41xxx.o(.text))
<BR>[Address Reference Count : 1]<UL><LI> startup_stm32f40_41xxx.o(RESET)
</UL>
<P><STRONG><a name="[59]"></a>TIM7_IRQHandler</STRONG> (Thumb, 0 bytes, Stack size 0 bytes, startup_stm32f40_41xxx.o(.text))
<BR>[Address Reference Count : 1]<UL><LI> startup_stm32f40_41xxx.o(RESET)
</UL>
<P><STRONG><a name="[4d]"></a>TIM8_BRK_TIM12_IRQHandler</STRONG> (Thumb, 0 bytes, Stack size 0 bytes, startup_stm32f40_41xxx.o(.text))
<BR>[Address Reference Count : 1]<UL><LI> startup_stm32f40_41xxx.o(RESET)
</UL>
<P><STRONG><a name="[50]"></a>TIM8_CC_IRQHandler</STRONG> (Thumb, 0 bytes, Stack size 0 bytes, startup_stm32f40_41xxx.o(.text))
<BR>[Address Reference Count : 1]<UL><LI> startup_stm32f40_41xxx.o(RESET)
</UL>
<P><STRONG><a name="[4f]"></a>TIM8_TRG_COM_TIM14_IRQHandler</STRONG> (Thumb, 0 bytes, Stack size 0 bytes, startup_stm32f40_41xxx.o(.text))
<BR>[Address Reference Count : 1]<UL><LI> startup_stm32f40_41xxx.o(RESET)
</UL>
[...]
<LI>Call Chain = _GetCharWrap &rArr; GUI_GetCharDistX &rArr; GUI_Unlock &rArr; GUI_X_Unlock &rArr; xQueueGenericSend &rArr; prvUnlockQueue &rArr; prvNotifyQueueSetContainer &rArr; prvCopyDataToQueue &rArr; xTaskPriorityDisinherit &rArr; __2printf
</UL>
<BR>[Calls]<UL><LI><a href="#[19c]">&gt;&gt;</a>&nbsp;&nbsp;&nbsp;GUI_UC__GetCharCodeInc
<LI><a href="#[1e6]">&gt;&gt;</a>&nbsp;&nbsp;&nbsp;GUI_GetCharDistX
</UL>
<BR>[Address Reference Count : 1]<UL><LI> GUI__Wrap.o(.data)
</UL>
<P><STRONG><a name="[25a]"></a>_WrapGetNumCharsDisp</STRONG> (Thumb, 52 bytes, Stack size unknown bytes, GUI__Wrap.o(.text._WrapGetNumCharsDisp))
<BR><BR>[Calls]<UL><LI><a href="#[1d5]">&gt;&gt;</a>&nbsp;&nbsp;&nbsp;GUI__GetLineNumChars
</UL>
<BR>[Called By]<UL><LI><a href="#[1de]">&gt;&gt;</a>&nbsp;&nbsp;&nbsp;GUI__WrapGetNumCharsDisp
<LI><a href="#[259]">&gt;&gt;</a>&nbsp;&nbsp;&nbsp;GUI__WrapGetNumCharsToNextLine
</UL>

<P><STRONG><a name="[fc]"></a>_GetDevData</STRONG> (Thumb, 16 bytes, Stack size unknown bytes, GUIDEV_32.o(.text._GetDevData))
<BR>[Address Reference Count : 1]<UL><LI> GUIDEV_32.o(.rodata)
</UL>
<P><STRONG><a name="[fa]"></a>_GetDevFunc</STRONG> (Thumb, 16 bytes, Stack size unknown bytes, GUIDEV_32.o(.text._GetDevFunc))
<BR>[Address Reference Count : 1]<UL><LI> GUIDEV_32.o(.rodata)
</UL>
<P><STRONG><a name="[fb]"></a>_GetDevProp</STRONG> (Thumb, 10 bytes, Stack size unknown bytes, GUIDEV_32.o(.text._GetDevProp))
<BR>[Address Reference Count : 1]<UL><LI> GUIDEV_32.o(.rodata)
</UL>
<P><STRONG><a name="[f9]"></a>_SetOrg</STRONG> (Thumb, 8 bytes, Stack size unknown bytes, GUIDEV_32.o(.text._SetOrg))
<BR>[Address Reference Count : 1]<UL><LI> GUIDEV_32.o(.rodata)
</UL>
<P><STRONG><a name="[fd]"></a>_GetRect</STRONG> (Thumb, 54 bytes, Stack size unknown bytes, GUIDEV_32.o(.text._GetRect))
<BR><BR>[Calls]<UL><LI><a href="#[125]">&gt;&gt;</a>&nbsp;&nbsp;&nbsp;GUI_ALLOC_UnlockH
<LI><a href="#[124]">&gt;&gt;</a>&nbsp;&nbsp;&nbsp;GUI_ALLOC_LockH
</UL>
<BR>[Address Reference Count : 1]<UL><LI> GUIDEV_32.o(.rodata)
</UL>
<P><STRONG><a name="[2ef]"></a>_XY2PTR</STRONG> (Thumb, 64 bytes, Stack size unknown bytes, GUIDEV_32.o(.text._XY2PTR))
<BR><BR>[Calls]<UL><LI><a href="#[125]">&gt;&gt;</a>&nbsp;&nbsp;&nbsp;GUI_ALLOC_UnlockH
<LI><a href="#[124]">&gt;&gt;</a>&nbsp;&nbsp;&nbsp;GUI_ALLOC_LockH
</UL>
<BR>[Called By]<UL><LI><a href="#[f2]">&gt;&gt;</a>&nbsp;&nbsp;&nbsp;_DrawBitmap
<LI><a href="#[f5]">&gt;&gt;</a>&nbsp;&nbsp;&nbsp;_FillRect
<LI><a href="#[f4]">&gt;&gt;</a>&nbsp;&nbsp;&nbsp;_DrawVLine
<LI><a href="#[f7]">&gt;&gt;</a>&nbsp;&nbsp;&nbsp;_SetPixelIndex
<LI><a href="#[f8]">&gt;&gt;</a>&nbsp;&nbsp;&nbsp;_XorPixel
<LI><a href="#[f6]">&gt;&gt;</a>&nbsp;&nbsp;&nbsp;_GetPixelIndex
</UL>

<P><STRONG><a name="[f6]"></a>_GetPixelIndex</STRONG> (Thumb, 14 bytes, Stack size unknown bytes, GUIDEV_32.o(.text._GetPixelIndex))
<BR><BR>[Calls]<UL><LI><a href="#[2ef]">&gt;&gt;</a>&nbsp;&nbsp;&nbsp;_XY2PTR
</UL>
<BR>[Address Reference Count : 1]<UL><LI> GUIDEV_32.o(.rodata)
</UL>
<P><STRONG><a name="[f8]"></a>_XorPixel</STRONG> (Thumb, 92 bytes, Stack size unknown bytes, GUIDEV_32.o(.text._XorPixel))
<BR><BR>[Calls]<UL><LI><a href="#[125]">&gt;&gt;</a>&nbsp;&nbsp;&nbsp;GUI_ALLOC_UnlockH
<LI><a href="#[124]">&gt;&gt;</a>&nbsp;&nbsp;&nbsp;GUI_ALLOC_LockH
<LI><a href="#[2ef]">&gt;&gt;</a>&nbsp;&nbsp;&nbsp;_XY2PTR
</UL>
<BR>[Address Reference Count : 1]<UL><LI> GUIDEV_32.o(.rodata)
</UL>
<P><STRONG><a name="[f7]"></a>_SetPixelIndex</STRONG> (Thumb, 76 bytes, Stack size unknown bytes, GUIDEV_32.o(.text._SetPixelIndex))
<BR><BR>[Calls]<UL><LI><a href="#[125]">&gt;&gt;</a>&nbsp;&nbsp;&nbsp;GUI_ALLOC_UnlockH
<LI><a href="#[124]">&gt;&gt;</a>&nbsp;&nbsp;&nbsp;GUI_ALLOC_LockH
<LI><a href="#[2ef]">&gt;&gt;</a>&nbsp;&nbsp;&nbsp;_XY2PTR
</UL>
<BR>[Address Reference Count : 1]<UL><LI> GUIDEV_32.o(.rodata)
</UL>
<P><STRONG><a name="[f4]"></a>_DrawVLine</STRONG> (Thumb, 180 bytes, Stack size unknown bytes, GUIDEV_32.o(.text._DrawVLine))
<BR><BR>[Calls]<UL><LI><a href="#[125]">&gt;&gt;</a>&nbsp;&nbsp;&nbsp;GUI_ALLOC_UnlockH
<LI><a href="#[124]">&gt;&gt;</a>&nbsp;&nbsp;&nbsp;GUI_ALLOC_LockH
<LI><a href="#[2ef]">&gt;&gt;</a>&nbsp;&nbsp;&nbsp;_XY2PTR
</UL>
<BR>[Address Reference Count : 1]<UL><LI> GUIDEV_32.o(.rodata)
</UL>
<P><STRONG><a name="[f5]"></a>_FillRect</STRONG> (Thumb, 180 bytes, Stack size unknown bytes, GUIDEV_32.o(.text._FillRect))
<BR><BR>[Calls]<UL><LI><a href="#[125]">&gt;&gt;</a>&nbsp;&nbsp;&nbsp;GUI_ALLOC_UnlockH
<LI><a href="#[124]">&gt;&gt;</a>&nbsp;&nbsp;&nbsp;GUI_ALLOC_LockH
<LI><a href="#[2ed]">&gt;&gt;</a>&nbsp;&nbsp;&nbsp;GUI_USAGE_AddRect
<LI><a href="#[2ef]">&gt;&gt;</a>&nbsp;&nbsp;&nbsp;_XY2PTR
</UL>
<BR>[Called By]<UL><LI><a href="#[f3]">&gt;&gt;</a>&nbsp;&nbsp;&nbsp;_DrawHLine
</UL>
<BR>[Address Reference Count : 1]<UL><LI> GUIDEV_32.o(.rodata)
</UL>
<P><STRONG><a name="[f3]"></a>_DrawHLine</STRONG> (Thumb, 14 bytes, Stack size unknown bytes, GUIDEV_32.o(.text._DrawHLine))
<BR><BR>[Calls]<UL><LI><a href="#[f5]">&gt;&gt;</a>&nbsp;&nbsp;&nbsp;_FillRect
</UL>
<BR>[Address Reference Count : 1]<UL><LI> GUIDEV_32.o(.rodata)
</UL>
<P><STRONG><a name="[f2]"></a>_DrawBitmap</STRONG> (Thumb, 1816 bytes, Stack size unknown bytes, GUIDEV_32.o(.text._DrawBitmap))
<BR><BR>[Calls]<UL><LI><a href="#[125]">&gt;&gt;</a>&nbsp;&nbsp;&nbsp;GUI_ALLOC_UnlockH
<LI><a href="#[124]">&gt;&gt;</a>&nbsp;&nbsp;&nbsp;GUI_ALLOC_LockH
<LI><a href="#[2ed]">&gt;&gt;</a>&nbsp;&nbsp;&nbsp;GUI_USAGE_AddRect
<LI><a href="#[2ef]">&gt;&gt;</a>&nbsp;&nbsp;&nbsp;_XY2PTR
</UL>
<BR>[Address Reference Count : 1]<UL><LI> GUIDEV_32.o(.rodata)
</UL>
<P><STRONG><a name="[fe]"></a>GUI_USAGE_BM_AddPixel</STRONG> (Thumb, 40 bytes, Stack size unknown bytes, GUIDEV_UsageBM.o(.text.GUI_USAGE_BM_AddPixel))
<BR>[Address Reference Count : 1]<UL><LI> GUIDEV_UsageBM.o(.rodata)
</UL>
<P><STRONG><a name="[102]"></a>GUI_USAGE_BM_GetNextDirty</STRONG> (Thumb, 156 bytes, Stack size unknown bytes, GUIDEV_UsageBM.o(.text.GUI_USAGE_BM_GetNextDirty))
<BR>[Address Reference Count : 1]<UL><LI> GUIDEV_UsageBM.o(.rodata)
</UL>
<P><STRONG><a name="[101]"></a>_GUI_USAGE_BM_Delete</STRONG> (Thumb, 4 bytes, Stack size unknown bytes, GUIDEV_UsageBM.o(.text._GUI_USAGE_BM_Delete))
<BR><BR>[Stack]<UL><LI>Max Depth = 184 + Unknown Stack Size
<LI>Call Chain = _GUI_USAGE_BM_Delete &rArr; GUI_ALLOC_Free &rArr; GUI_Unlock &rArr; GUI_X_Unlock &rArr; xQueueGenericSend &rArr; prvUnlockQueue &rArr; prvNotifyQueueSetContainer &rArr; prvCopyDataToQueue &rArr; xTaskPriorityDisinherit &rArr; __2printf
</UL>
<BR>[Calls]<UL><LI><a href="#[180]">&gt;&gt;</a>&nbsp;&nbsp;&nbsp;GUI_ALLOC_Free
</UL>
<BR>[Address Reference Count : 1]<UL><LI> GUIDEV_UsageBM.o(.rodata)
</UL>
<P><STRONG><a name="[100]"></a>GUI_USAGE_BM_Clear</STRONG> (Thumb, 16 bytes, Stack size unknown bytes, GUIDEV_UsageBM.o(.text.GUI_USAGE_BM_Clear))
<BR><BR>[Stack]<UL><LI>Max Depth = 8 + Unknown Stack Size
<LI>Call Chain = GUI_USAGE_BM_Clear &rArr; memset
</UL>
<BR>[Calls]<UL><LI><a href="#[b]">&gt;&gt;</a>&nbsp;&nbsp;&nbsp;memset
</UL>
<BR>[Address Reference Count : 1]<UL><LI> GUIDEV_UsageBM.o(.rodata)
</UL>
<P><STRONG><a name="[ff]"></a>GUI_USAGE_BM_AddHLine</STRONG> (Thumb, 120 bytes, Stack size unknown bytes, GUIDEV_UsageBM.o(.text.GUI_USAGE_BM_AddHLine))
<BR><BR>[Stack]<UL><LI>Max Depth = 8 + Unknown Stack Size
<LI>Call Chain = GUI_USAGE_BM_AddHLine &rArr; memset
</UL>
<BR>[Calls]<UL><LI><a href="#[b]">&gt;&gt;</a>&nbsp;&nbsp;&nbsp;memset
</UL>
<BR>[Address Reference Count : 1]<UL><LI> GUIDEV_UsageBM.o(.rodata)
</UL>
<P><STRONG><a name="[2c5]"></a>WM__ReleaseCapture</STRONG> (Thumb, 48 bytes, Stack size unknown bytes, WM_SetCapture.o(.text.WM__ReleaseCapture))
<BR><BR>[Calls]<UL><LI><a href="#[12a]">&gt;&gt;</a>&nbsp;&nbsp;&nbsp;WM__SendMessage
</UL>
<BR>[Called By]<UL><LI><a href="#[27a]">&gt;&gt;</a>&nbsp;&nbsp;&nbsp;WM_SetCapture
</UL>

<P><STRONG><a name="[17]"></a>_Create</STRONG> (Thumb, 56 bytes, Stack size unknown bytes, SCROLLBAR_Skin.o(.text._Create))
<BR><BR>[Calls]<UL><LI><a href="#[125]">&gt;&gt;</a>&nbsp;&nbsp;&nbsp;GUI_ALLOC_UnlockH
<LI><a href="#[124]">&gt;&gt;</a>&nbsp;&nbsp;&nbsp;GUI_ALLOC_LockH
</UL>
<BR>[Address Reference Count : 1]<UL><LI> SCROLLBAR_Skin.o(.data)
</UL>
<P><STRONG><a name="[95]"></a>_CalcPositions</STRONG> (Thumb, 344 bytes, Stack size unknown bytes, SCROLLBAR_Skin.o(.text._CalcPositions))
<BR><BR>[Stack]<UL><LI>Max Depth = 184 + Unknown Stack Size
<LI>Call Chain = _CalcPositions &rArr; WM_GetWindowRectEx &rArr; GUI_Unlock &rArr; GUI_X_Unlock &rArr; xQueueGenericSend &rArr; prvUnlockQueue &rArr; prvNotifyQueueSetContainer &rArr; prvCopyDataToQueue &rArr; xTaskPriorityDisinherit &rArr; __2printf
</UL>
<BR>[Calls]<UL><LI><a href="#[125]">&gt;&gt;</a>&nbsp;&nbsp;&nbsp;GUI_ALLOC_UnlockH
<LI><a href="#[124]">&gt;&gt;</a>&nbsp;&nbsp;&nbsp;GUI_ALLOC_LockH
<LI><a href="#[2b1]">&gt;&gt;</a>&nbsp;&nbsp;&nbsp;WM_GetWindowRectEx
<LI><a href="#[182]">&gt;&gt;</a>&nbsp;&nbsp;&nbsp;WM_GetScrollbarV
<LI><a href="#[183]">&gt;&gt;</a>&nbsp;&nbsp;&nbsp;WM_GetScrollbarH
<LI><a href="#[2b2]">&gt;&gt;</a>&nbsp;&nbsp;&nbsp;GUI_MoveRect
<LI><a href="#[278]">&gt;&gt;</a>&nbsp;&nbsp;&nbsp;GUI__DivideRound32
<LI><a href="#[2e5]">&gt;&gt;</a>&nbsp;&nbsp;&nbsp;SCROLLBAR__Rect2VRect
</UL>
<BR>[Called By]<UL><LI><a href="#[16]">&gt;&gt;</a>&nbsp;&nbsp;&nbsp;_Paint
</UL>
<BR>[Address Reference Count : 1]<UL><LI> SCROLLBAR_Skin.o(.text._Create)
</UL>
<P><STRONG><a name="[16]"></a>_Paint</STRONG> (Thumb, 182 bytes, Stack size unknown bytes, SCROLLBAR_Skin.o(.text._Paint))
<BR><BR>[Stack]<UL><LI>Max Depth = 184 + Unknown Stack Size
<LI>Call Chain = _Paint &rArr; WIDGET__GetClientRect &rArr; WM_GetClientRect &rArr; GUI_Unlock &rArr; GUI_X_Unlock &rArr; xQueueGenericSend &rArr; prvUnlockQueue &rArr; prvNotifyQueueSetContainer &rArr; prvCopyDataToQueue &rArr; xTaskPriorityDisinherit &rArr; __2printf
</UL>
<BR>[Calls]<UL><LI><a href="#[125]">&gt;&gt;</a>&nbsp;&nbsp;&nbsp;GUI_ALLOC_UnlockH
<LI><a href="#[124]">&gt;&gt;</a>&nbsp;&nbsp;&nbsp;GUI_ALLOC_LockH
<LI><a href="#[295]">&gt;&gt;</a>&nbsp;&nbsp;&nbsp;WIDGET__GetClientRect
<LI><a href="#[95]">&gt;&gt;</a>&nbsp;&nbsp;&nbsp;_CalcPositions
</UL>
<BR>[Address Reference Count : 1]<UL><LI> SCROLLBAR_Skin.o(.data)
</UL>
<P><STRONG><a name="[285]"></a>_GetArrowPara</STRONG> (Thumb, 48 bytes, Stack size unknown bytes, SCROLLBAR_SkinFlex.o(.text._GetArrowPara))
<BR><BR>[Called By]<UL><LI><a href="#[f]">&gt;&gt;</a>&nbsp;&nbsp;&nbsp;SCROLLBAR_DrawSkinFlex
</UL>

<P><STRONG><a name="[8b]"></a>_DrawGraspH</STRONG> (Thumb, 92 bytes, Stack size unknown bytes, SCROLLBAR_SkinFlex.o(.text._DrawGraspH))
<BR><BR>[Stack]<UL><LI>Max Depth = 184 + Unknown Stack Size
<LI>Call Chain = _DrawGraspH &rArr; GUI_SetColor &rArr; GUI_Unlock &rArr; GUI_X_Unlock &rArr; xQueueGenericSend &rArr; prvUnlockQueue &rArr; prvNotifyQueueSetContainer &rArr; prvCopyDataToQueue &rArr; xTaskPriorityDisinherit &rArr; __2printf
</UL>
<BR>[Calls]<UL><LI><a href="#[13f]">&gt;&gt;</a>&nbsp;&nbsp;&nbsp;GUI_SetColor
<LI><a href="#[143]">&gt;&gt;</a>&nbsp;&nbsp;&nbsp;GUI_DrawVLine
</UL>
<BR>[Address Reference Count : 1]<UL><LI> SCROLLBAR_SkinFlex.o(.text.SCROLLBAR_DrawSkinFlex)
</UL>
<P><STRONG><a name="[89]"></a>_DrawGraspV</STRONG> (Thumb, 92 bytes, Stack size unknown bytes, SCROLLBAR_SkinFlex.o(.text._DrawGraspV))
<BR><BR>[Stack]<UL><LI>Max Depth = 184 + Unknown Stack Size
<LI>Call Chain = _DrawGraspV &rArr; GUI_SetColor &rArr; GUI_Unlock &rArr; GUI_X_Unlock &rArr; xQueueGenericSend &rArr; prvUnlockQueue &rArr; prvNotifyQueueSetContainer &rArr; prvCopyDataToQueue &rArr; xTaskPriorityDisinherit &rArr; __2printf
</UL>
<BR>[Calls]<UL><LI><a href="#[13f]">&gt;&gt;</a>&nbsp;&nbsp;&nbsp;GUI_SetColor
<LI><a href="#[140]">&gt;&gt;</a>&nbsp;&nbsp;&nbsp;GUI_DrawHLine
</UL>
<BR>[Address Reference Count : 1]<UL><LI> SCROLLBAR_SkinFlex.o(.text.SCROLLBAR_DrawSkinFlex)
</UL>
<P><STRONG><a name="[2ec]"></a>_DrawFrame</STRONG> (Thumb, 244 bytes, Stack size unknown bytes, SCROLLBAR_SkinFlex.o(.text._DrawFrame))
<BR><BR>[Stack]<UL><LI>Max Depth = 184 + Unknown Stack Size
<LI>Call Chain = _DrawFrame &rArr; GUI_SetColor &rArr; GUI_Unlock &rArr; GUI_X_Unlock &rArr; xQueueGenericSend &rArr; prvUnlockQueue &rArr; prvNotifyQueueSetContainer &rArr; prvCopyDataToQueue &rArr; xTaskPriorityDisinherit &rArr; __2printf
</UL>
<BR>[Calls]<UL><LI><a href="#[13f]">&gt;&gt;</a>&nbsp;&nbsp;&nbsp;GUI_SetColor
<LI><a href="#[141]">&gt;&gt;</a>&nbsp;&nbsp;&nbsp;GUI_DrawPixel
<LI><a href="#[140]">&gt;&gt;</a>&nbsp;&nbsp;&nbsp;GUI_DrawHLine
<LI><a href="#[143]">&gt;&gt;</a>&nbsp;&nbsp;&nbsp;GUI_DrawVLine
</UL>
<BR>[Called By]<UL><LI><a href="#[8a]">&gt;&gt;</a>&nbsp;&nbsp;&nbsp;_DrawBackgroundV
<LI><a href="#[8c]">&gt;&gt;</a>&nbsp;&nbsp;&nbsp;_DrawBackgroundH
</UL>

<P><STRONG><a name="[8c]"></a>_DrawBackgroundH</STRONG> (Thumb, 92 bytes, Stack size unknown bytes, SCROLLBAR_SkinFlex.o(.text._DrawBackgroundH))
<BR><BR>[Stack]<UL><LI>Max Depth = 184 + Unknown Stack Size
<LI>Call Chain = _DrawBackgroundH &rArr; GUI_DrawGradientV &rArr; GUI_Unlock &rArr; GUI_X_Unlock &rArr; xQueueGenericSend &rArr; prvUnlockQueue &rArr; prvNotifyQueueSetContainer &rArr; prvCopyDataToQueue &rArr; xTaskPriorityDisinherit &rArr; __2printf
</UL>
<BR>[Calls]<UL><LI><a href="#[8e]">&gt;&gt;</a>&nbsp;&nbsp;&nbsp;GUI_DrawGradientV
<LI><a href="#[2ec]">&gt;&gt;</a>&nbsp;&nbsp;&nbsp;_DrawFrame
</UL>
<BR>[Address Reference Count : 1]<UL><LI> SCROLLBAR_SkinFlex.o(.text.SCROLLBAR_DrawSkinFlex)
</UL>
<P><STRONG><a name="[8a]"></a>_DrawBackgroundV</STRONG> (Thumb, 92 bytes, Stack size unknown bytes, SCROLLBAR_SkinFlex.o(.text._DrawBackgroundV))
<BR><BR>[Stack]<UL><LI>Max Depth = 184 + Unknown Stack Size
<LI>Call Chain = _DrawBackgroundV &rArr; GUI_DrawGradientH &rArr; GUI_Unlock &rArr; GUI_X_Unlock &rArr; xQueueGenericSend &rArr; prvUnlockQueue &rArr; prvNotifyQueueSetContainer &rArr; prvCopyDataToQueue &rArr; xTaskPriorityDisinherit &rArr; __2printf
</UL>
<BR>[Calls]<UL><LI><a href="#[8d]">&gt;&gt;</a>&nbsp;&nbsp;&nbsp;GUI_DrawGradientH
<LI><a href="#[2ec]">&gt;&gt;</a>&nbsp;&nbsp;&nbsp;_DrawFrame
</UL>
<BR>[Address Reference Count : 1]<UL><LI> SCROLLBAR_SkinFlex.o(.text.SCROLLBAR_DrawSkinFlex)
</UL>
<P><STRONG><a name="[106]"></a>_DrawDownRect</STRONG> (Thumb, 56 bytes, Stack size unknown bytes, WIDGET_Effect_Simple.o(.text._DrawDownRect))
<BR><BR>[Stack]<UL><LI>Max Depth = 184 + Unknown Stack Size
<LI>Call Chain = _DrawDownRect &rArr; GUI_DrawRect &rArr; GUI_Unlock &rArr; GUI_X_Unlock &rArr; xQueueGenericSend &rArr; prvUnlockQueue &rArr; prvNotifyQueueSetContainer &rArr; prvCopyDataToQueue &rArr; xTaskPriorityDisinherit &rArr; __2printf
</UL>
<BR>[Calls]<UL><LI><a href="#[22d]">&gt;&gt;</a>&nbsp;&nbsp;&nbsp;GUI_RestoreContext
<LI><a href="#[233]">&gt;&gt;</a>&nbsp;&nbsp;&nbsp;GUI_SaveContext_W
<LI><a href="#[235]">&gt;&gt;</a>&nbsp;&nbsp;&nbsp;LCD_SetColor
<LI><a href="#[1e2]">&gt;&gt;</a>&nbsp;&nbsp;&nbsp;GUI_DrawRect
</UL>
<BR>[Called By]<UL><LI><a href="#[105]">&gt;&gt;</a>&nbsp;&nbsp;&nbsp;_DrawDown
<LI><a href="#[104]">&gt;&gt;</a>&nbsp;&nbsp;&nbsp;_DrawUpRect
</UL>
<BR>[Address Reference Count : 1]<UL><LI> WIDGET_Effect_Simple.o(.rodata)
</UL>
<P><STRONG><a name="[104]"></a>_DrawUpRect</STRONG> (Thumb, 4 bytes, Stack size unknown bytes, WIDGET_Effect_Simple.o(.text._DrawUpRect))
<BR><BR>[Stack]<UL><LI>Max Depth = 184 + Unknown Stack Size
<LI>Call Chain = _DrawUpRect &rArr; _DrawDownRect &rArr; GUI_DrawRect &rArr; GUI_Unlock &rArr; GUI_X_Unlock &rArr; xQueueGenericSend &rArr; prvUnlockQueue &rArr; prvNotifyQueueSetContainer &rArr; prvCopyDataToQueue &rArr; xTaskPriorityDisinherit &rArr; __2printf
</UL>
<BR>[Calls]<UL><LI><a href="#[106]">&gt;&gt;</a>&nbsp;&nbsp;&nbsp;_DrawDownRect
</UL>
<BR>[Address Reference Count : 1]<UL><LI> WIDGET_Effect_Simple.o(.rodata)
</UL>
<P><STRONG><a name="[105]"></a>_DrawDown</STRONG> (Thumb, 20 bytes, Stack size unknown bytes, WIDGET_Effect_Simple.o(.text._DrawDown))
<BR><BR>[Stack]<UL><LI>Max Depth = 184 + Unknown Stack Size
<LI>Call Chain = _DrawDown &rArr; WM_GetClientRect &rArr; GUI_Unlock &rArr; GUI_X_Unlock &rArr; xQueueGenericSend &rArr; prvUnlockQueue &rArr; prvNotifyQueueSetContainer &rArr; prvCopyDataToQueue &rArr; xTaskPriorityDisinherit &rArr; __2printf
</UL>
<BR>[Calls]<UL><LI><a href="#[174]">&gt;&gt;</a>&nbsp;&nbsp;&nbsp;WM_GetClientRect
<LI><a href="#[106]">&gt;&gt;</a>&nbsp;&nbsp;&nbsp;_DrawDownRect
</UL>
<BR>[Called By]<UL><LI><a href="#[103]">&gt;&gt;</a>&nbsp;&nbsp;&nbsp;_DrawUp
</UL>
<BR>[Address Reference Count : 1]<UL><LI> WIDGET_Effect_Simple.o(.rodata)
</UL>
<P><STRONG><a name="[103]"></a>_DrawUp</STRONG> (Thumb, 4 bytes, Stack size unknown bytes, WIDGET_Effect_Simple.o(.text._DrawUp))
<BR><BR>[Stack]<UL><LI>Max Depth = 184 + Unknown Stack Size
<LI>Call Chain = _DrawUp &rArr; _DrawDown &rArr; WM_GetClientRect &rArr; GUI_Unlock &rArr; GUI_X_Unlock &rArr; xQueueGenericSend &rArr; prvUnlockQueue &rArr; prvNotifyQueueSetContainer &rArr; prvCopyDataToQueue &rArr; xTaskPriorityDisinherit &rArr; __2printf
</UL>
<BR>[Calls]<UL><LI><a href="#[105]">&gt;&gt;</a>&nbsp;&nbsp;&nbsp;_DrawDown
</UL>
<BR>[Address Reference Count : 1]<UL><LI> WIDGET_Effect_Simple.o(.rodata)
</UL>
<P><STRONG><a name="[22c]"></a>LCD_ReadRectEx</STRONG> (Thumb, 420 bytes, Stack size unknown bytes, LCD_ReadRect.o(.text.LCD_ReadRectEx))
<BR><BR>[Calls]<UL><LI><a href="#[220]">&gt;&gt;</a>&nbsp;&nbsp;&nbsp;GUI_GetBitsPerPixelEx
</UL>
<BR>[Called By]<UL><LI><a href="#[22b]">&gt;&gt;</a>&nbsp;&nbsp;&nbsp;GUI_ReadRectEx
</UL>

<P><STRONG><a name="[21e]"></a>_ClipX</STRONG> (Thumb, 68 bytes, Stack size unknown bytes, GUIDEV_WriteToActiveAlpha.o(.text._ClipX))
<BR><BR>[Called By]<UL><LI><a href="#[21d]">&gt;&gt;</a>&nbsp;&nbsp;&nbsp;_WriteToActiveAlpha
<LI><a href="#[98]">&gt;&gt;</a>&nbsp;&nbsp;&nbsp;GUI_MEMDEV__WriteToActiveAlpha
</UL>

<P><STRONG><a name="[21f]"></a>_ClipY</STRONG> (Thumb, 68 bytes, Stack size unknown bytes, GUIDEV_WriteToActiveAlpha.o(.text._ClipY))
<BR><BR>[Called By]<UL><LI><a href="#[21d]">&gt;&gt;</a>&nbsp;&nbsp;&nbsp;_WriteToActiveAlpha
<LI><a href="#[98]">&gt;&gt;</a>&nbsp;&nbsp;&nbsp;GUI_MEMDEV__WriteToActiveAlpha
</UL>

<P><STRONG><a name="[21d]"></a>_WriteToActiveAlpha</STRONG> (Thumb, 328 bytes, Stack size unknown bytes, GUIDEV_WriteToActiveAlpha.o(.text._WriteToActiveAlpha))
<BR><BR>[Stack]<UL><LI>Max Depth = 184 + Unknown Stack Size
<LI>Call Chain = _WriteToActiveAlpha &rArr; GUI__AllocAlphaBuffer &rArr; GUI__GetAlphaBuffer &rArr; GUI_ALLOC_GetFixedBlock &rArr; _InitOnce &rArr; _EnlargeBlocks &rArr;  _Alloc (Cycle)
</UL>
<BR>[Calls]<UL><LI><a href="#[125]">&gt;&gt;</a>&nbsp;&nbsp;&nbsp;GUI_ALLOC_UnlockH
<LI><a href="#[124]">&gt;&gt;</a>&nbsp;&nbsp;&nbsp;GUI_ALLOC_LockH
<LI><a href="#[160]">&gt;&gt;</a>&nbsp;&nbsp;&nbsp;LCD_DrawBitmap
<LI><a href="#[249]">&gt;&gt;</a>&nbsp;&nbsp;&nbsp;GUI__CompactPixelIndicesEx
<LI><a href="#[245]">&gt;&gt;</a>&nbsp;&nbsp;&nbsp;GUI__AllocAlphaBuffer
<LI><a href="#[250]">&gt;&gt;</a>&nbsp;&nbsp;&nbsp;GUI__DoAlphaBlending
<LI><a href="#[214]">&gt;&gt;</a>&nbsp;&nbsp;&nbsp;GUI_MEMDEV_GetDataPtr
<LI><a href="#[21f]">&gt;&gt;</a>&nbsp;&nbsp;&nbsp;_ClipY
<LI><a href="#[21e]">&gt;&gt;</a>&nbsp;&nbsp;&nbsp;_ClipX
</UL>
<BR>[Called By]<UL><LI><a href="#[98]">&gt;&gt;</a>&nbsp;&nbsp;&nbsp;GUI_MEMDEV__WriteToActiveAlpha
</UL>

<P><STRONG><a name="[3ba]"></a>_printf_core</STRONG> (Thumb, 658 bytes, Stack size 104 bytes, printf5.o(i._printf_core), UNUSED)
<BR><BR>[Calls]<UL><LI><a href="#[10b]">&gt;&gt;</a>&nbsp;&nbsp;&nbsp;__aeabi_uldivmod
</UL>
<BR>[Called By]<UL><LI><a href="#[3bb]">&gt;&gt;</a>&nbsp;&nbsp;&nbsp;__0sprintf$5
<LI><a href="#[3b9]">&gt;&gt;</a>&nbsp;&nbsp;&nbsp;__0printf$5
</UL>

<P><STRONG><a name="[a7]"></a>_sputc</STRONG> (Thumb, 10 bytes, Stack size 0 bytes, printf5.o(i._sputc))
<BR><BR>[Called By]<UL><LI><a href="#[3bb]">&gt;&gt;</a>&nbsp;&nbsp;&nbsp;__0sprintf$5
</UL>
<BR>[Address Reference Count : 1]<UL><LI> printf5.o(i.__0sprintf$5)
</UL><P>
<H3>
Undefined Global Symbols
</H3><HR></body></html>
